Archive member included to satisfy reference by file (symbol)

c:/program files (x86)/gnu tools arm embedded/7 2017-q4-major/bin/../lib/gcc/arm-none-eabi/7.2.1/../../../../arm-none-eabi/lib/thumb/v7-m\libg.a(lib_a-exit.o)
                              c:/program files (x86)/gnu tools arm embedded/7 2017-q4-major/bin/../lib/gcc/arm-none-eabi/7.2.1/../../../../arm-none-eabi/lib/thumb/v7-m/crt0.o (exit)
c:/program files (x86)/gnu tools arm embedded/7 2017-q4-major/bin/../lib/gcc/arm-none-eabi/7.2.1/../../../../arm-none-eabi/lib/thumb/v7-m\libg.a(lib_a-impure.o)
                              c:/program files (x86)/gnu tools arm embedded/7 2017-q4-major/bin/../lib/gcc/arm-none-eabi/7.2.1/../../../../arm-none-eabi/lib/thumb/v7-m\libg.a(lib_a-exit.o) (_global_impure_ptr)
c:/program files (x86)/gnu tools arm embedded/7 2017-q4-major/bin/../lib/gcc/arm-none-eabi/7.2.1/../../../../arm-none-eabi/lib/thumb/v7-m\libg.a(lib_a-init.o)
                              c:/program files (x86)/gnu tools arm embedded/7 2017-q4-major/bin/../lib/gcc/arm-none-eabi/7.2.1/../../../../arm-none-eabi/lib/thumb/v7-m/crt0.o (__libc_init_array)
c:/program files (x86)/gnu tools arm embedded/7 2017-q4-major/bin/../lib/gcc/arm-none-eabi/7.2.1/../../../../arm-none-eabi/lib/thumb/v7-m\libg.a(lib_a-memset.o)
                              c:/program files (x86)/gnu tools arm embedded/7 2017-q4-major/bin/../lib/gcc/arm-none-eabi/7.2.1/../../../../arm-none-eabi/lib/thumb/v7-m/crt0.o (memset)
c:/program files (x86)/gnu tools arm embedded/7 2017-q4-major/bin/../lib/gcc/arm-none-eabi/7.2.1/../../../../arm-none-eabi/lib/thumb/v7-m\libg.a(lib_a-__call_atexit.o)
                              c:/program files (x86)/gnu tools arm embedded/7 2017-q4-major/bin/../lib/gcc/arm-none-eabi/7.2.1/../../../../arm-none-eabi/lib/thumb/v7-m\libg.a(lib_a-exit.o) (__call_exitprocs)
c:/program files (x86)/gnu tools arm embedded/7 2017-q4-major/bin/../lib/gcc/arm-none-eabi/7.2.1/../../../../arm-none-eabi/lib/thumb/v7-m\libg.a(lib_a-atexit.o)
                              c:/program files (x86)/gnu tools arm embedded/7 2017-q4-major/bin/../lib/gcc/arm-none-eabi/7.2.1/../../../../arm-none-eabi/lib/thumb/v7-m\libg.a(lib_a-__call_atexit.o) (atexit)
c:/program files (x86)/gnu tools arm embedded/7 2017-q4-major/bin/../lib/gcc/arm-none-eabi/7.2.1/../../../../arm-none-eabi/lib/thumb/v7-m\libg.a(lib_a-fini.o)
                              c:/program files (x86)/gnu tools arm embedded/7 2017-q4-major/bin/../lib/gcc/arm-none-eabi/7.2.1/../../../../arm-none-eabi/lib/thumb/v7-m\libg.a(lib_a-__call_atexit.o) (__libc_fini_array)
c:/program files (x86)/gnu tools arm embedded/7 2017-q4-major/bin/../lib/gcc/arm-none-eabi/7.2.1/../../../../arm-none-eabi/lib/thumb/v7-m\libg.a(lib_a-lock.o)
                              c:/program files (x86)/gnu tools arm embedded/7 2017-q4-major/bin/../lib/gcc/arm-none-eabi/7.2.1/../../../../arm-none-eabi/lib/thumb/v7-m\libg.a(lib_a-__call_atexit.o) (__retarget_lock_acquire_recursive)
c:/program files (x86)/gnu tools arm embedded/7 2017-q4-major/bin/../lib/gcc/arm-none-eabi/7.2.1/../../../../arm-none-eabi/lib/thumb/v7-m\libg.a(lib_a-__atexit.o)
                              c:/program files (x86)/gnu tools arm embedded/7 2017-q4-major/bin/../lib/gcc/arm-none-eabi/7.2.1/../../../../arm-none-eabi/lib/thumb/v7-m\libg.a(lib_a-atexit.o) (__register_exitproc)

Allocating common symbols
Common symbol       size              file

__lock___atexit_recursive_mutex
                    0x1               c:/program files (x86)/gnu tools arm embedded/7 2017-q4-major/bin/../lib/gcc/arm-none-eabi/7.2.1/../../../../arm-none-eabi/lib/thumb/v7-m\libg.a(lib_a-lock.o)
APP_Tx_Buffer       0x80              ..\obj\usbd_cdc_vcp.o
__lock___arc4random_mutex
                    0x1               c:/program files (x86)/gnu tools arm embedded/7 2017-q4-major/bin/../lib/gcc/arm-none-eabi/7.2.1/../../../../arm-none-eabi/lib/thumb/v7-m\libg.a(lib_a-lock.o)
flag                0x1               ..\obj\start.o
myIRData            0x6               ..\obj\start.o
__lock___env_recursive_mutex
                    0x1               c:/program files (x86)/gnu tools arm embedded/7 2017-q4-major/bin/../lib/gcc/arm-none-eabi/7.2.1/../../../../arm-none-eabi/lib/thumb/v7-m\libg.a(lib_a-lock.o)
__lock___sinit_recursive_mutex
                    0x1               c:/program files (x86)/gnu tools arm embedded/7 2017-q4-major/bin/../lib/gcc/arm-none-eabi/7.2.1/../../../../arm-none-eabi/lib/thumb/v7-m\libg.a(lib_a-lock.o)
__lock___malloc_recursive_mutex
                    0x1               c:/program files (x86)/gnu tools arm embedded/7 2017-q4-major/bin/../lib/gcc/arm-none-eabi/7.2.1/../../../../arm-none-eabi/lib/thumb/v7-m\libg.a(lib_a-lock.o)
usbd_cdc_OtherCfgDesc
                    0x43              ..\obj\usbd_cdc_core.o
APP_tx_ptr_tail     0x4               ..\obj\usbd_cdc_vcp.o
USB_Rx_Buffer       0x40              ..\obj\usbd_cdc_core.o
USART_InitStructure
                    0x10              ..\obj\usbd_cdc_vcp.o
CmdBuff             0x8               ..\obj\usbd_cdc_core.o
USB_OTG_dev         0x5f0             ..\obj\start.o
APP_Rx_Buffer       0x800             ..\obj\usbd_cdc_core.o
__lock___at_quick_exit_mutex
                    0x1               c:/program files (x86)/gnu tools arm embedded/7 2017-q4-major/bin/../lib/gcc/arm-none-eabi/7.2.1/../../../../arm-none-eabi/lib/thumb/v7-m\libg.a(lib_a-lock.o)
USBD_StrDesc        0x32              ..\obj\usbd_req.o
__lock___dd_hash_mutex
                    0x1               c:/program files (x86)/gnu tools arm embedded/7 2017-q4-major/bin/../lib/gcc/arm-none-eabi/7.2.1/../../../../arm-none-eabi/lib/thumb/v7-m\libg.a(lib_a-lock.o)
__lock___tz_mutex   0x1               c:/program files (x86)/gnu tools arm embedded/7 2017-q4-major/bin/../lib/gcc/arm-none-eabi/7.2.1/../../../../arm-none-eabi/lib/thumb/v7-m\libg.a(lib_a-lock.o)
lastCommand         0x4               ..\obj\start.o
APP_tx_ptr_head     0x4               ..\obj\usbd_cdc_vcp.o
__lock___sfp_recursive_mutex
                    0x1               c:/program files (x86)/gnu tools arm embedded/7 2017-q4-major/bin/../lib/gcc/arm-none-eabi/7.2.1/../../../../arm-none-eabi/lib/thumb/v7-m\libg.a(lib_a-lock.o)

Discarded input sections

 .text          0x00000000        0x0 c:/program files (x86)/gnu tools arm embedded/7 2017-q4-major/bin/../lib/gcc/arm-none-eabi/7.2.1/thumb/v7-m/crti.o
 .data          0x00000000        0x0 c:/program files (x86)/gnu tools arm embedded/7 2017-q4-major/bin/../lib/gcc/arm-none-eabi/7.2.1/thumb/v7-m/crti.o
 .bss           0x00000000        0x0 c:/program files (x86)/gnu tools arm embedded/7 2017-q4-major/bin/../lib/gcc/arm-none-eabi/7.2.1/thumb/v7-m/crti.o
 .data          0x00000000        0x4 c:/program files (x86)/gnu tools arm embedded/7 2017-q4-major/bin/../lib/gcc/arm-none-eabi/7.2.1/thumb/v7-m/crtbegin.o
 .text          0x00000000       0x74 c:/program files (x86)/gnu tools arm embedded/7 2017-q4-major/bin/../lib/gcc/arm-none-eabi/7.2.1/../../../../arm-none-eabi/lib/thumb/v7-m/crt0.o
 .data          0x00000000        0x0 c:/program files (x86)/gnu tools arm embedded/7 2017-q4-major/bin/../lib/gcc/arm-none-eabi/7.2.1/../../../../arm-none-eabi/lib/thumb/v7-m/crt0.o
 .bss           0x00000000        0x0 c:/program files (x86)/gnu tools arm embedded/7 2017-q4-major/bin/../lib/gcc/arm-none-eabi/7.2.1/../../../../arm-none-eabi/lib/thumb/v7-m/crt0.o
 .ARM.extab     0x00000000        0x0 c:/program files (x86)/gnu tools arm embedded/7 2017-q4-major/bin/../lib/gcc/arm-none-eabi/7.2.1/../../../../arm-none-eabi/lib/thumb/v7-m/crt0.o
 .ARM.exidx     0x00000000        0x8 c:/program files (x86)/gnu tools arm embedded/7 2017-q4-major/bin/../lib/gcc/arm-none-eabi/7.2.1/../../../../arm-none-eabi/lib/thumb/v7-m/crt0.o
 .ARM.attributes
                0x00000000       0x1b c:/program files (x86)/gnu tools arm embedded/7 2017-q4-major/bin/../lib/gcc/arm-none-eabi/7.2.1/../../../../arm-none-eabi/lib/thumb/v7-m/crt0.o
 .text          0x00000000        0x0 ..\obj\irmp.o
 .text          0x00000000        0x0 ..\obj\stm32f4xx_syscfg.o
 .data          0x00000000        0x0 ..\obj\stm32f4xx_syscfg.o
 .bss           0x00000000        0x0 ..\obj\stm32f4xx_syscfg.o
 .text.SYSCFG_DeInit
                0x00000000       0x1c ..\obj\stm32f4xx_syscfg.o
 .text.SYSCFG_MemoryRemapConfig
                0x00000000       0x20 ..\obj\stm32f4xx_syscfg.o
 .text.SYSCFG_EXTILineConfig
                0x00000000       0x80 ..\obj\stm32f4xx_syscfg.o
 .text.SYSCFG_ETH_MediaInterfaceConfig
                0x00000000       0x1c ..\obj\stm32f4xx_syscfg.o
 .text.SYSCFG_CompensationCellCmd
                0x00000000       0x20 ..\obj\stm32f4xx_syscfg.o
 .text.SYSCFG_GetCompensationCellStatus
                0x00000000       0x30 ..\obj\stm32f4xx_syscfg.o
 .debug_info    0x00000000      0x27e ..\obj\stm32f4xx_syscfg.o
 .debug_abbrev  0x00000000      0x148 ..\obj\stm32f4xx_syscfg.o
 .debug_aranges
                0x00000000       0x48 ..\obj\stm32f4xx_syscfg.o
 .debug_ranges  0x00000000       0x38 ..\obj\stm32f4xx_syscfg.o
 .debug_line    0x00000000      0x2c9 ..\obj\stm32f4xx_syscfg.o
 .debug_str     0x00000000      0x38d ..\obj\stm32f4xx_syscfg.o
 .comment       0x00000000       0x7f ..\obj\stm32f4xx_syscfg.o
 .debug_frame   0x00000000       0xf4 ..\obj\stm32f4xx_syscfg.o
 .ARM.attributes
                0x00000000       0x33 ..\obj\stm32f4xx_syscfg.o
 .text          0x00000000        0x0 ..\obj\usb_core.o
 .data          0x00000000        0x0 ..\obj\usb_core.o
 .bss           0x00000000        0x0 ..\obj\usb_core.o
 .text.USB_OTG_EnableCommonInt
                0x00000000       0x42 ..\obj\usb_core.o
 .text.USB_OTG_CoreReset
                0x00000000       0x90 ..\obj\usb_core.o
 .text.USB_OTG_SelectCore
                0x00000000      0x174 ..\obj\usb_core.o
 .text.USB_OTG_CoreInit
                0x00000000      0x1dc ..\obj\usb_core.o
 .text.USB_OTG_EnableGlobalInt
                0x00000000       0x34 ..\obj\usb_core.o
 .text.USB_OTG_DisableGlobalInt
                0x00000000       0x36 ..\obj\usb_core.o
 .text.USB_OTG_FlushRxFifo
                0x00000000       0x60 ..\obj\usb_core.o
 .text.USB_OTG_SetCurrentMode
                0x00000000       0x5e ..\obj\usb_core.o
 .text.USB_OTG_IsHostMode
                0x00000000       0x22 ..\obj\usb_core.o
 .text.USB_OTG_ReadOtgItr
                0x00000000       0x18 ..\obj\usb_core.o
 .text.USB_OTG_InitDevSpeed
                0x00000000       0x36 ..\obj\usb_core.o
 .text.USB_OTG_CoreInitDev
                0x00000000      0x264 ..\obj\usb_core.o
 .text.USB_OTG_EnableDevInt
                0x00000000       0x9a ..\obj\usb_core.o
 .text.USB_OTG_EPDeactivate
                0x00000000       0x88 ..\obj\usb_core.o
 .text.USB_OTG_ActiveRemoteWakeup
                0x00000000       0x8e ..\obj\usb_core.o
 .text.USB_OTG_StopDevice
                0x00000000       0x80 ..\obj\usb_core.o
 .text.USB_OTG_GetEPStatus
                0x00000000       0xaa ..\obj\usb_core.o
 .text.USB_OTG_SetEPStatus
                0x00000000      0x12c ..\obj\usb_core.o
 .text          0x00000000        0x0 ..\obj\usbd_usr.o
 .data          0x00000000       0x1c ..\obj\usbd_usr.o
 .bss           0x00000000        0x0 ..\obj\usbd_usr.o
 .text.USBD_USR_Init
                0x00000000        0xc ..\obj\usbd_usr.o
 .text.USBD_USR_DeviceReset
                0x00000000       0x26 ..\obj\usbd_usr.o
 .text.USBD_USR_DeviceConfigured
                0x00000000        0xc ..\obj\usbd_usr.o
 .text.USBD_USR_DeviceConnected
                0x00000000        0xc ..\obj\usbd_usr.o
 .text.USBD_USR_DeviceDisconnected
                0x00000000        0xc ..\obj\usbd_usr.o
 .text.USBD_USR_DeviceSuspended
                0x00000000        0xc ..\obj\usbd_usr.o
 .text.USBD_USR_DeviceResumed
                0x00000000        0xc ..\obj\usbd_usr.o
 .debug_info    0x00000000      0x206 ..\obj\usbd_usr.o
 .debug_abbrev  0x00000000       0xec ..\obj\usbd_usr.o
 .debug_aranges
                0x00000000       0x50 ..\obj\usbd_usr.o
 .debug_ranges  0x00000000       0x40 ..\obj\usbd_usr.o
 .debug_line    0x00000000      0x386 ..\obj\usbd_usr.o
 .debug_str     0x00000000      0x36c ..\obj\usbd_usr.o
 .comment       0x00000000       0x7f ..\obj\usbd_usr.o
 .debug_frame   0x00000000       0xf8 ..\obj\usbd_usr.o
 .ARM.attributes
                0x00000000       0x33 ..\obj\usbd_usr.o
 .text          0x00000000        0x0 ..\obj\stm32f4xx_usart.o
 .data          0x00000000        0x0 ..\obj\stm32f4xx_usart.o
 .bss           0x00000000        0x0 ..\obj\stm32f4xx_usart.o
 .text.USART_DeInit
                0x00000000       0xd4 ..\obj\stm32f4xx_usart.o
 .text.USART_Init
                0x00000000      0x174 ..\obj\stm32f4xx_usart.o
 .text.USART_StructInit
                0x00000000       0x38 ..\obj\stm32f4xx_usart.o
 .text.USART_ClockInit
                0x00000000       0x54 ..\obj\stm32f4xx_usart.o
 .text.USART_ClockStructInit
                0x00000000       0x2a ..\obj\stm32f4xx_usart.o
 .text.USART_Cmd
                0x00000000       0x3e ..\obj\stm32f4xx_usart.o
 .text.USART_SetPrescaler
                0x00000000       0x38 ..\obj\stm32f4xx_usart.o
 .text.USART_OverSampling8Cmd
                0x00000000       0x42 ..\obj\stm32f4xx_usart.o
 .text.USART_OneBitMethodCmd
                0x00000000       0x3e ..\obj\stm32f4xx_usart.o
 .text.USART_SendData
                0x00000000       0x22 ..\obj\stm32f4xx_usart.o
 .text.USART_ReceiveData
                0x00000000       0x1e ..\obj\stm32f4xx_usart.o
 .text.USART_SetAddress
                0x00000000       0x38 ..\obj\stm32f4xx_usart.o
 .text.USART_ReceiverWakeUpCmd
                0x00000000       0x3e ..\obj\stm32f4xx_usart.o
 .text.USART_WakeUpConfig
                0x00000000       0x36 ..\obj\stm32f4xx_usart.o
 .text.USART_LINBreakDetectLengthConfig
                0x00000000       0x36 ..\obj\stm32f4xx_usart.o
 .text.USART_LINCmd
                0x00000000       0x3e ..\obj\stm32f4xx_usart.o
 .text.USART_SendBreak
                0x00000000       0x22 ..\obj\stm32f4xx_usart.o
 .text.USART_HalfDuplexCmd
                0x00000000       0x3e ..\obj\stm32f4xx_usart.o
 .text.USART_SetGuardTime
                0x00000000       0x3a ..\obj\stm32f4xx_usart.o
 .text.USART_SmartCardCmd
                0x00000000       0x3e ..\obj\stm32f4xx_usart.o
 .text.USART_SmartCardNACKCmd
                0x00000000       0x3e ..\obj\stm32f4xx_usart.o
 .text.USART_IrDAConfig
                0x00000000       0x36 ..\obj\stm32f4xx_usart.o
 .text.USART_IrDACmd
                0x00000000       0x3e ..\obj\stm32f4xx_usart.o
 .text.USART_DMACmd
                0x00000000       0x46 ..\obj\stm32f4xx_usart.o
 .text.USART_ITConfig
                0x00000000       0x8e ..\obj\stm32f4xx_usart.o
 .text.USART_GetFlagStatus
                0x00000000       0x36 ..\obj\stm32f4xx_usart.o
 .text.USART_ClearFlag
                0x00000000       0x20 ..\obj\stm32f4xx_usart.o
 .text.USART_GetITStatus
                0x00000000       0xb4 ..\obj\stm32f4xx_usart.o
 .text.USART_ClearITPendingBit
                0x00000000       0x38 ..\obj\stm32f4xx_usart.o
 .debug_info    0x00000000      0x9d0 ..\obj\stm32f4xx_usart.o
 .debug_abbrev  0x00000000      0x184 ..\obj\stm32f4xx_usart.o
 .debug_aranges
                0x00000000      0x100 ..\obj\stm32f4xx_usart.o
 .debug_ranges  0x00000000       0xf0 ..\obj\stm32f4xx_usart.o
 .debug_line    0x00000000      0x5a1 ..\obj\stm32f4xx_usart.o
 .debug_str     0x00000000      0x728 ..\obj\stm32f4xx_usart.o
 .comment       0x00000000       0x7f ..\obj\stm32f4xx_usart.o
 .debug_frame   0x00000000      0x490 ..\obj\stm32f4xx_usart.o
 .ARM.attributes
                0x00000000       0x33 ..\obj\stm32f4xx_usart.o
 .text          0x00000000        0x0 ..\obj\start.o
 .data          0x00000000        0x0 ..\obj\start.o
 .text.init_USB
                0x00000000       0x2c ..\obj\start.o
 .text          0x00000000        0x0 ..\obj\stm32_ub_irmp.o
 .data          0x00000000        0x0 ..\obj\stm32_ub_irmp.o
 .bss           0x00000000        0x0 ..\obj\stm32_ub_irmp.o
 .text          0x00000000        0x0 ..\obj\startup_stm32f4xx.o
 .data          0x00000000        0x0 ..\obj\startup_stm32f4xx.o
 .bss           0x00000000        0x0 ..\obj\startup_stm32f4xx.o
 .text          0x00000000        0x0 ..\obj\stm32_ub_led.o
 .bss           0x00000000        0x0 ..\obj\stm32_ub_led.o
 .text.UB_Led_Toggle
                0x00000000       0x58 ..\obj\stm32_ub_led.o
 .text.UB_Led_Switch
                0x00000000       0x30 ..\obj\stm32_ub_led.o
 .text          0x00000000        0x0 ..\obj\usbd_core.o
 .bss           0x00000000        0x0 ..\obj\usbd_core.o
 .text.USBD_Init
                0x00000000       0x56 ..\obj\usbd_core.o
 .text.USBD_DeInit
                0x00000000       0x14 ..\obj\usbd_core.o
 .text          0x00000000        0x0 ..\obj\main.o
 .data          0x00000000        0x0 ..\obj\main.o
 .bss           0x00000000        0x0 ..\obj\main.o
 .text          0x00000000        0x0 ..\obj\stm32f4xx_rcc.o
 .data          0x00000000       0x10 ..\obj\stm32f4xx_rcc.o
 .bss           0x00000000        0x0 ..\obj\stm32f4xx_rcc.o
 .text.RCC_DeInit
                0x00000000       0x50 ..\obj\stm32f4xx_rcc.o
 .text.RCC_HSEConfig
                0x00000000       0x24 ..\obj\stm32f4xx_rcc.o
 .text.RCC_WaitForHSEStartUp
                0x00000000       0x50 ..\obj\stm32f4xx_rcc.o
 .text.RCC_AdjustHSICalibrationValue
                0x00000000       0x3c ..\obj\stm32f4xx_rcc.o
 .text.RCC_HSICmd
                0x00000000       0x20 ..\obj\stm32f4xx_rcc.o
 .text.RCC_LSEConfig
                0x00000000       0x40 ..\obj\stm32f4xx_rcc.o
 .text.RCC_LSICmd
                0x00000000       0x20 ..\obj\stm32f4xx_rcc.o
 .text.RCC_PLLConfig
                0x00000000       0x3c ..\obj\stm32f4xx_rcc.o
 .text.RCC_PLLCmd
                0x00000000       0x20 ..\obj\stm32f4xx_rcc.o
 .text.RCC_PLLI2SConfig
                0x00000000       0x28 ..\obj\stm32f4xx_rcc.o
 .text.RCC_PLLI2SCmd
                0x00000000       0x20 ..\obj\stm32f4xx_rcc.o
 .text.RCC_ClockSecuritySystemCmd
                0x00000000       0x20 ..\obj\stm32f4xx_rcc.o
 .text.RCC_MCO1Config
                0x00000000       0x3c ..\obj\stm32f4xx_rcc.o
 .text.RCC_MCO2Config
                0x00000000       0x3c ..\obj\stm32f4xx_rcc.o
 .text.RCC_SYSCLKConfig
                0x00000000       0x38 ..\obj\stm32f4xx_rcc.o
 .text.RCC_GetSYSCLKSource
                0x00000000       0x1c ..\obj\stm32f4xx_rcc.o
 .text.RCC_HCLKConfig
                0x00000000       0x38 ..\obj\stm32f4xx_rcc.o
 .text.RCC_PCLK1Config
                0x00000000       0x38 ..\obj\stm32f4xx_rcc.o
 .text.RCC_PCLK2Config
                0x00000000       0x38 ..\obj\stm32f4xx_rcc.o
 .text.RCC_GetClocksFreq
                0x00000000      0x150 ..\obj\stm32f4xx_rcc.o
 .text.RCC_RTCCLKConfig
                0x00000000       0x5c ..\obj\stm32f4xx_rcc.o
 .text.RCC_RTCCLKCmd
                0x00000000       0x20 ..\obj\stm32f4xx_rcc.o
 .text.RCC_BackupResetCmd
                0x00000000       0x20 ..\obj\stm32f4xx_rcc.o
 .text.RCC_I2SCLKConfig
                0x00000000       0x1c ..\obj\stm32f4xx_rcc.o
 .text.RCC_AHB2PeriphClockCmd
                0x00000000       0x3c ..\obj\stm32f4xx_rcc.o
 .text.RCC_AHB3PeriphClockCmd
                0x00000000       0x3c ..\obj\stm32f4xx_rcc.o
 .text.RCC_APB2PeriphClockCmd
                0x00000000       0x3c ..\obj\stm32f4xx_rcc.o
 .text.RCC_AHB1PeriphResetCmd
                0x00000000       0x3c ..\obj\stm32f4xx_rcc.o
 .text.RCC_AHB2PeriphResetCmd
                0x00000000       0x3c ..\obj\stm32f4xx_rcc.o
 .text.RCC_AHB3PeriphResetCmd
                0x00000000       0x3c ..\obj\stm32f4xx_rcc.o
 .text.RCC_APB1PeriphResetCmd
                0x00000000       0x3c ..\obj\stm32f4xx_rcc.o
 .text.RCC_APB2PeriphResetCmd
                0x00000000       0x3c ..\obj\stm32f4xx_rcc.o
 .text.RCC_AHB1PeriphClockLPModeCmd
                0x00000000       0x3c ..\obj\stm32f4xx_rcc.o
 .text.RCC_AHB2PeriphClockLPModeCmd
                0x00000000       0x3c ..\obj\stm32f4xx_rcc.o
 .text.RCC_AHB3PeriphClockLPModeCmd
                0x00000000       0x3c ..\obj\stm32f4xx_rcc.o
 .text.RCC_APB1PeriphClockLPModeCmd
                0x00000000       0x3c ..\obj\stm32f4xx_rcc.o
 .text.RCC_APB2PeriphClockLPModeCmd
                0x00000000       0x3c ..\obj\stm32f4xx_rcc.o
 .text.RCC_ITConfig
                0x00000000       0x4c ..\obj\stm32f4xx_rcc.o
 .text.RCC_GetFlagStatus
                0x00000000       0x74 ..\obj\stm32f4xx_rcc.o
 .text.RCC_ClearFlag
                0x00000000       0x1c ..\obj\stm32f4xx_rcc.o
 .text.RCC_GetITStatus
                0x00000000       0x34 ..\obj\stm32f4xx_rcc.o
 .text.RCC_ClearITPendingBit
                0x00000000       0x20 ..\obj\stm32f4xx_rcc.o
 .text          0x00000000        0x0 ..\obj\usbd_desc.o
 .data          0x00000000       0x40 ..\obj\usbd_desc.o
 .bss           0x00000000        0x0 ..\obj\usbd_desc.o
 .text.USBD_USR_DeviceDescriptor
                0x00000000       0x24 ..\obj\usbd_desc.o
 .text.USBD_USR_LangIDStrDescriptor
                0x00000000       0x24 ..\obj\usbd_desc.o
 .rodata        0x00000000       0x96 ..\obj\usbd_desc.o
 .text.USBD_USR_ProductStrDescriptor
                0x00000000       0x40 ..\obj\usbd_desc.o
 .text.USBD_USR_ManufacturerStrDescriptor
                0x00000000       0x28 ..\obj\usbd_desc.o
 .text.USBD_USR_SerialStrDescriptor
                0x00000000       0x40 ..\obj\usbd_desc.o
 .text.USBD_USR_ConfigStrDescriptor
                0x00000000       0x3c ..\obj\usbd_desc.o
 .text.USBD_USR_InterfaceStrDescriptor
                0x00000000       0x3c ..\obj\usbd_desc.o
 .debug_info    0x00000000      0x3b4 ..\obj\usbd_desc.o
 .debug_abbrev  0x00000000      0x144 ..\obj\usbd_desc.o
 .debug_aranges
                0x00000000       0x50 ..\obj\usbd_desc.o
 .debug_ranges  0x00000000       0x40 ..\obj\usbd_desc.o
 .debug_line    0x00000000      0x33d ..\obj\usbd_desc.o
 .debug_str     0x00000000      0x448 ..\obj\usbd_desc.o
 .comment       0x00000000       0x7f ..\obj\usbd_desc.o
 .debug_frame   0x00000000      0x114 ..\obj\usbd_desc.o
 .ARM.attributes
                0x00000000       0x33 ..\obj\usbd_desc.o
 .text          0x00000000        0x0 ..\obj\stm32f4xx_gpio.o
 .data          0x00000000        0x0 ..\obj\stm32f4xx_gpio.o
 .bss           0x00000000        0x0 ..\obj\stm32f4xx_gpio.o
 .text.GPIO_DeInit
                0x00000000      0x120 ..\obj\stm32f4xx_gpio.o
 .text.GPIO_StructInit
                0x00000000       0x32 ..\obj\stm32f4xx_gpio.o
 .text.GPIO_PinLockConfig
                0x00000000       0x42 ..\obj\stm32f4xx_gpio.o
 .text.GPIO_ReadInputData
                0x00000000       0x18 ..\obj\stm32f4xx_gpio.o
 .text.GPIO_ReadOutputDataBit
                0x00000000       0x32 ..\obj\stm32f4xx_gpio.o
 .text.GPIO_ReadOutputData
                0x00000000       0x18 ..\obj\stm32f4xx_gpio.o
 .text.GPIO_SetBits
                0x00000000       0x1c ..\obj\stm32f4xx_gpio.o
 .text.GPIO_ResetBits
                0x00000000       0x1c ..\obj\stm32f4xx_gpio.o
 .text.GPIO_WriteBit
                0x00000000       0x2e ..\obj\stm32f4xx_gpio.o
 .text.GPIO_Write
                0x00000000       0x1c ..\obj\stm32f4xx_gpio.o
 .text.GPIO_ToggleBits
                0x00000000       0x22 ..\obj\stm32f4xx_gpio.o
 .text.GPIO_PinAFConfig
                0x00000000       0x90 ..\obj\stm32f4xx_gpio.o
 .text          0x00000000        0x0 ..\obj\usbd_cdc_vcp.o
 .data          0x00000000       0x1c ..\obj\usbd_cdc_vcp.o
 .bss           0x00000000        0x0 ..\obj\usbd_cdc_vcp.o
 .text.VCP_Init
                0x00000000        0xe ..\obj\usbd_cdc_vcp.o
 .text.VCP_DeInit
                0x00000000        0xe ..\obj\usbd_cdc_vcp.o
 .text.VCP_Ctrl
                0x00000000      0x110 ..\obj\usbd_cdc_vcp.o
 .text.VCP_put_char
                0x00000000       0x1c ..\obj\usbd_cdc_vcp.o
 .text.VCP_send_str
                0x00000000       0x30 ..\obj\usbd_cdc_vcp.o
 .text.VCP_DataRx
                0x00000000       0x70 ..\obj\usbd_cdc_vcp.o
 .text.VCP_get_char
                0x00000000       0x54 ..\obj\usbd_cdc_vcp.o
 .text.VCP_get_string
                0x00000000      0x11c ..\obj\usbd_cdc_vcp.o
 .text.EVAL_COM_IRQHandler
                0x00000000        0xc ..\obj\usbd_cdc_vcp.o
 COMMON         0x00000000       0x98 ..\obj\usbd_cdc_vcp.o
 .text          0x00000000        0x0 ..\obj\system_stm32f4xx.o
 .data          0x00000000       0x14 ..\obj\system_stm32f4xx.o
 .bss           0x00000000        0x0 ..\obj\system_stm32f4xx.o
 .text.SystemCoreClockUpdate
                0x00000000       0xf4 ..\obj\system_stm32f4xx.o
 .text          0x00000000        0x0 ..\obj\usb_bsp.o
 .data          0x00000000        0x0 ..\obj\usb_bsp.o
 .bss           0x00000000        0x0 ..\obj\usb_bsp.o
 .text.USB_OTG_BSP_ConfigVBUS
                0x00000000       0x12 ..\obj\usb_bsp.o
 .text.USB_OTG_BSP_DriveVBUS
                0x00000000       0x16 ..\obj\usb_bsp.o
 .text.USB_OTG_BSP_Init
                0x00000000       0xb0 ..\obj\usb_bsp.o
 .text.USB_OTG_BSP_EnableInterrupt
                0x00000000       0x32 ..\obj\usb_bsp.o
 .text.USB_OTG_BSP_mDelay
                0x00000000       0x20 ..\obj\usb_bsp.o
 .text          0x00000000        0x0 ..\obj\usbd_req.o
 .data          0x00000000        0x0 ..\obj\usbd_req.o
 .text.USBD_GetString
                0x00000000       0x86 ..\obj\usbd_req.o
 .text.USBD_GetLen
                0x00000000       0x2e ..\obj\usbd_req.o
 COMMON         0x00000000       0x32 ..\obj\usbd_req.o
 .text          0x00000000        0x0 ..\obj\usb_dcd_int.o
 .data          0x00000000        0x0 ..\obj\usb_dcd_int.o
 .bss           0x00000000        0x0 ..\obj\usb_dcd_int.o
 .text          0x00000000        0x0 ..\obj\usbd_cdc_core.o
 .data          0x00000000       0x74 ..\obj\usbd_cdc_core.o
 .text.usbd_cdc_Init
                0x00000000       0x84 ..\obj\usbd_cdc_core.o
 .text.usbd_cdc_DeInit
                0x00000000       0x38 ..\obj\usbd_cdc_core.o
 .text.usbd_cdc_Setup
                0x00000000      0x11c ..\obj\usbd_cdc_core.o
 .text.usbd_cdc_EP0_RxReady
                0x00000000       0x40 ..\obj\usbd_cdc_core.o
 .text.usbd_cdc_DataIn
                0x00000000       0xc0 ..\obj\usbd_cdc_core.o
 .text.usbd_cdc_DataOut
                0x00000000       0x54 ..\obj\usbd_cdc_core.o
 .text.usbd_cdc_SOF
                0x00000000       0x30 ..\obj\usbd_cdc_core.o
 .text.Handle_USBAsynchXfer
                0x00000000      0x100 ..\obj\usbd_cdc_core.o
 .text.USBD_cdc_GetCfgDesc
                0x00000000       0x24 ..\obj\usbd_cdc_core.o
 .text          0x00000000        0x0 ..\obj\stm32f4xx_exti.o
 .data          0x00000000        0x0 ..\obj\stm32f4xx_exti.o
 .bss           0x00000000        0x0 ..\obj\stm32f4xx_exti.o
 .text.EXTI_DeInit
                0x00000000       0x34 ..\obj\stm32f4xx_exti.o
 .text.EXTI_Init
                0x00000000       0xe4 ..\obj\stm32f4xx_exti.o
 .text.EXTI_StructInit
                0x00000000       0x2a ..\obj\stm32f4xx_exti.o
 .text.EXTI_GenerateSWInterrupt
                0x00000000       0x24 ..\obj\stm32f4xx_exti.o
 .text.EXTI_GetFlagStatus
                0x00000000       0x34 ..\obj\stm32f4xx_exti.o
 .text.EXTI_ClearFlag
                0x00000000       0x1c ..\obj\stm32f4xx_exti.o
 .text.EXTI_GetITStatus
                0x00000000       0x48 ..\obj\stm32f4xx_exti.o
 .text          0x00000000        0x0 ..\obj\misc.o
 .data          0x00000000        0x0 ..\obj\misc.o
 .bss           0x00000000        0x0 ..\obj\misc.o
 .text.NVIC_PriorityGroupConfig
                0x00000000       0x24 ..\obj\misc.o
 .text.NVIC_SetVectorTable
                0x00000000       0x2c ..\obj\misc.o
 .text.NVIC_SystemLPConfig
                0x00000000       0x40 ..\obj\misc.o
 .text.SysTick_CLKSourceConfig
                0x00000000       0x38 ..\obj\misc.o
 .text          0x00000000        0x0 ..\obj\usb_dcd.o
 .data          0x00000000        0x0 ..\obj\usb_dcd.o
 .bss           0x00000000        0x0 ..\obj\usb_dcd.o
 .text.DCD_Init
                0x00000000      0x102 ..\obj\usb_dcd.o
 .text.DCD_EP_Close
                0x00000000       0x74 ..\obj\usb_dcd.o
 .text.DCD_EP_Flush
                0x00000000       0x34 ..\obj\usb_dcd.o
 .text.DCD_DevConnect
                0x00000000       0x2e ..\obj\usb_dcd.o
 .text.DCD_DevDisconnect
                0x00000000       0x2e ..\obj\usb_dcd.o
 .text.DCD_GetEPStatus
                0x00000000       0x5a ..\obj\usb_dcd.o
 .text.DCD_SetEPStatus
                0x00000000       0x56 ..\obj\usb_dcd.o
 .text          0x00000000        0x0 ..\obj\usbd_ioreq.o
 .data          0x00000000        0x0 ..\obj\usbd_ioreq.o
 .bss           0x00000000        0x0 ..\obj\usbd_ioreq.o
 .text.USBD_CtlPrepareRx
                0x00000000       0x40 ..\obj\usbd_ioreq.o
 .text.USBD_GetRxCount
                0x00000000       0x2c ..\obj\usbd_ioreq.o
 .text          0x00000000        0x0 ..\obj\stm32f4xx_tim.o
 .data          0x00000000        0x0 ..\obj\stm32f4xx_tim.o
 .bss           0x00000000        0x0 ..\obj\stm32f4xx_tim.o
 .text.TIM_DeInit
                0x00000000      0x1c0 ..\obj\stm32f4xx_tim.o
 .text.TIM_TimeBaseStructInit
                0x00000000       0x32 ..\obj\stm32f4xx_tim.o
 .text.TIM_PrescalerConfig
                0x00000000       0x26 ..\obj\stm32f4xx_tim.o
 .text.TIM_CounterModeConfig
                0x00000000       0x36 ..\obj\stm32f4xx_tim.o
 .text.TIM_SetCounter
                0x00000000       0x1a ..\obj\stm32f4xx_tim.o
 .text.TIM_SetAutoreload
                0x00000000       0x1a ..\obj\stm32f4xx_tim.o
 .text.TIM_GetCounter
                0x00000000       0x16 ..\obj\stm32f4xx_tim.o
 .text.TIM_GetPrescaler
                0x00000000       0x18 ..\obj\stm32f4xx_tim.o
 .text.TIM_UpdateDisableConfig
                0x00000000       0x3e ..\obj\stm32f4xx_tim.o
 .text.TIM_UpdateRequestConfig
                0x00000000       0x3e ..\obj\stm32f4xx_tim.o
 .text.TIM_ARRPreloadConfig
                0x00000000       0x3e ..\obj\stm32f4xx_tim.o
 .text.TIM_SelectOnePulseMode
                0x00000000       0x36 ..\obj\stm32f4xx_tim.o
 .text.TIM_SetClockDivision
                0x00000000       0x36 ..\obj\stm32f4xx_tim.o
 .text.TIM_OC1Init
                0x00000000       0xf4 ..\obj\stm32f4xx_tim.o
 .text.TIM_OC2Init
                0x00000000      0x110 ..\obj\stm32f4xx_tim.o
 .text.TIM_OC3Init
                0x00000000      0x10c ..\obj\stm32f4xx_tim.o
 .text.TIM_OC4Init
                0x00000000       0xcc ..\obj\stm32f4xx_tim.o
 .text.TIM_OCStructInit
                0x00000000       0x42 ..\obj\stm32f4xx_tim.o
 .text.TIM_SelectOCxM
                0x00000000       0xb2 ..\obj\stm32f4xx_tim.o
 .text.TIM_SetCompare1
                0x00000000       0x1a ..\obj\stm32f4xx_tim.o
 .text.TIM_SetCompare2
                0x00000000       0x1a ..\obj\stm32f4xx_tim.o
 .text.TIM_SetCompare3
                0x00000000       0x1a ..\obj\stm32f4xx_tim.o
 .text.TIM_SetCompare4
                0x00000000       0x1a ..\obj\stm32f4xx_tim.o
 .text.TIM_ForcedOC1Config
                0x00000000       0x36 ..\obj\stm32f4xx_tim.o
 .text.TIM_ForcedOC2Config
                0x00000000       0x3a ..\obj\stm32f4xx_tim.o
 .text.TIM_ForcedOC3Config
                0x00000000       0x36 ..\obj\stm32f4xx_tim.o
 .text.TIM_ForcedOC4Config
                0x00000000       0x3a ..\obj\stm32f4xx_tim.o
 .text.TIM_OC1PreloadConfig
                0x00000000       0x36 ..\obj\stm32f4xx_tim.o
 .text.TIM_OC2PreloadConfig
                0x00000000       0x3a ..\obj\stm32f4xx_tim.o
 .text.TIM_OC3PreloadConfig
                0x00000000       0x36 ..\obj\stm32f4xx_tim.o
 .text.TIM_OC4PreloadConfig
                0x00000000       0x3a ..\obj\stm32f4xx_tim.o
 .text.TIM_OC1FastConfig
                0x00000000       0x36 ..\obj\stm32f4xx_tim.o
 .text.TIM_OC2FastConfig
                0x00000000       0x3a ..\obj\stm32f4xx_tim.o
 .text.TIM_OC3FastConfig
                0x00000000       0x36 ..\obj\stm32f4xx_tim.o
 .text.TIM_OC4FastConfig
                0x00000000       0x3a ..\obj\stm32f4xx_tim.o
 .text.TIM_ClearOC1Ref
                0x00000000       0x36 ..\obj\stm32f4xx_tim.o
 .text.TIM_ClearOC2Ref
                0x00000000       0x3a ..\obj\stm32f4xx_tim.o
 .text.TIM_ClearOC3Ref
                0x00000000       0x36 ..\obj\stm32f4xx_tim.o
 .text.TIM_ClearOC4Ref
                0x00000000       0x3a ..\obj\stm32f4xx_tim.o
 .text.TIM_OC1PolarityConfig
                0x00000000       0x36 ..\obj\stm32f4xx_tim.o
 .text.TIM_OC1NPolarityConfig
                0x00000000       0x36 ..\obj\stm32f4xx_tim.o
 .text.TIM_OC2PolarityConfig
                0x00000000       0x3a ..\obj\stm32f4xx_tim.o
 .text.TIM_OC2NPolarityConfig
                0x00000000       0x3a ..\obj\stm32f4xx_tim.o
 .text.TIM_OC3PolarityConfig
                0x00000000       0x3a ..\obj\stm32f4xx_tim.o
 .text.TIM_OC3NPolarityConfig
                0x00000000       0x3a ..\obj\stm32f4xx_tim.o
 .text.TIM_OC4PolarityConfig
                0x00000000       0x3a ..\obj\stm32f4xx_tim.o
 .text.TIM_CCxCmd
                0x00000000       0x54 ..\obj\stm32f4xx_tim.o
 .text.TIM_CCxNCmd
                0x00000000       0x54 ..\obj\stm32f4xx_tim.o
 .text.TIM_ICInit
                0x00000000       0xa8 ..\obj\stm32f4xx_tim.o
 .text.TIM_ICStructInit
                0x00000000       0x30 ..\obj\stm32f4xx_tim.o
 .text.TIM_PWMIConfig
                0x00000000       0xb8 ..\obj\stm32f4xx_tim.o
 .text.TIM_GetCapture1
                0x00000000       0x16 ..\obj\stm32f4xx_tim.o
 .text.TIM_GetCapture2
                0x00000000       0x16 ..\obj\stm32f4xx_tim.o
 .text.TIM_GetCapture3
                0x00000000       0x16 ..\obj\stm32f4xx_tim.o
 .text.TIM_GetCapture4
                0x00000000       0x16 ..\obj\stm32f4xx_tim.o
 .text.TIM_SetIC1Prescaler
                0x00000000       0x36 ..\obj\stm32f4xx_tim.o
 .text.TIM_SetIC2Prescaler
                0x00000000       0x3a ..\obj\stm32f4xx_tim.o
 .text.TIM_SetIC3Prescaler
                0x00000000       0x36 ..\obj\stm32f4xx_tim.o
 .text.TIM_SetIC4Prescaler
                0x00000000       0x3a ..\obj\stm32f4xx_tim.o
 .text.TIM_BDTRConfig
                0x00000000       0x4e ..\obj\stm32f4xx_tim.o
 .text.TIM_BDTRStructInit
                0x00000000       0x3c ..\obj\stm32f4xx_tim.o
 .text.TIM_CtrlPWMOutputs
                0x00000000       0x4a ..\obj\stm32f4xx_tim.o
 .text.TIM_SelectCOM
                0x00000000       0x3e ..\obj\stm32f4xx_tim.o
 .text.TIM_CCPreloadControl
                0x00000000       0x3e ..\obj\stm32f4xx_tim.o
 .text.TIM_GenerateEvent
                0x00000000       0x1c ..\obj\stm32f4xx_tim.o
 .text.TIM_GetFlagStatus
                0x00000000       0x36 ..\obj\stm32f4xx_tim.o
 .text.TIM_ClearFlag
                0x00000000       0x20 ..\obj\stm32f4xx_tim.o
 .text.TIM_DMAConfig
                0x00000000       0x28 ..\obj\stm32f4xx_tim.o
 .text.TIM_DMACmd
                0x00000000       0x46 ..\obj\stm32f4xx_tim.o
 .text.TIM_SelectCCDMA
                0x00000000       0x3e ..\obj\stm32f4xx_tim.o
 .text.TIM_InternalClockConfig
                0x00000000       0x22 ..\obj\stm32f4xx_tim.o
 .text.TIM_ITRxExternalClockConfig
                0x00000000       0x2e ..\obj\stm32f4xx_tim.o
 .text.TIM_TIxExternalClockConfig
                0x00000000       0x5c ..\obj\stm32f4xx_tim.o
 .text.TIM_ETRClockMode1Config
                0x00000000       0x5e ..\obj\stm32f4xx_tim.o
 .text.TIM_ETRClockMode2Config
                0x00000000       0x3e ..\obj\stm32f4xx_tim.o
 .text.TIM_SelectInputTrigger
                0x00000000       0x36 ..\obj\stm32f4xx_tim.o
 .text.TIM_SelectOutputTrigger
                0x00000000       0x36 ..\obj\stm32f4xx_tim.o
 .text.TIM_SelectSlaveMode
                0x00000000       0x36 ..\obj\stm32f4xx_tim.o
 .text.TIM_SelectMasterSlaveMode
                0x00000000       0x36 ..\obj\stm32f4xx_tim.o
 .text.TIM_ETRConfig
                0x00000000       0x52 ..\obj\stm32f4xx_tim.o
 .text.TIM_EncoderInterfaceConfig
                0x00000000       0x96 ..\obj\stm32f4xx_tim.o
 .text.TIM_SelectHallSensor
                0x00000000       0x3e ..\obj\stm32f4xx_tim.o
 .text.TIM_RemapConfig
                0x00000000       0x1e ..\obj\stm32f4xx_tim.o
 .text.TI1_Config
                0x00000000       0x84 ..\obj\stm32f4xx_tim.o
 .text.TI2_Config
                0x00000000       0x98 ..\obj\stm32f4xx_tim.o
 .text.TI3_Config
                0x00000000       0x8e ..\obj\stm32f4xx_tim.o
 .text.TI4_Config
                0x00000000       0x9c ..\obj\stm32f4xx_tim.o
 .text          0x00000000        0x0 c:/program files (x86)/gnu tools arm embedded/7 2017-q4-major/bin/../lib/gcc/arm-none-eabi/7.2.1/../../../../arm-none-eabi/lib/thumb/v7-m\libg.a(lib_a-exit.o)
 .data          0x00000000        0x0 c:/program files (x86)/gnu tools arm embedded/7 2017-q4-major/bin/../lib/gcc/arm-none-eabi/7.2.1/../../../../arm-none-eabi/lib/thumb/v7-m\libg.a(lib_a-exit.o)
 .bss           0x00000000        0x0 c:/program files (x86)/gnu tools arm embedded/7 2017-q4-major/bin/../lib/gcc/arm-none-eabi/7.2.1/../../../../arm-none-eabi/lib/thumb/v7-m\libg.a(lib_a-exit.o)
 .text.exit     0x00000000       0x20 c:/program files (x86)/gnu tools arm embedded/7 2017-q4-major/bin/../lib/gcc/arm-none-eabi/7.2.1/../../../../arm-none-eabi/lib/thumb/v7-m\libg.a(lib_a-exit.o)
 .debug_frame   0x00000000       0x28 c:/program files (x86)/gnu tools arm embedded/7 2017-q4-major/bin/../lib/gcc/arm-none-eabi/7.2.1/../../../../arm-none-eabi/lib/thumb/v7-m\libg.a(lib_a-exit.o)
 .ARM.attributes
                0x00000000       0x2d c:/program files (x86)/gnu tools arm embedded/7 2017-q4-major/bin/../lib/gcc/arm-none-eabi/7.2.1/../../../../arm-none-eabi/lib/thumb/v7-m\libg.a(lib_a-exit.o)
 .text          0x00000000        0x0 c:/program files (x86)/gnu tools arm embedded/7 2017-q4-major/bin/../lib/gcc/arm-none-eabi/7.2.1/../../../../arm-none-eabi/lib/thumb/v7-m\libg.a(lib_a-impure.o)
 .data          0x00000000        0x0 c:/program files (x86)/gnu tools arm embedded/7 2017-q4-major/bin/../lib/gcc/arm-none-eabi/7.2.1/../../../../arm-none-eabi/lib/thumb/v7-m\libg.a(lib_a-impure.o)
 .bss           0x00000000        0x0 c:/program files (x86)/gnu tools arm embedded/7 2017-q4-major/bin/../lib/gcc/arm-none-eabi/7.2.1/../../../../arm-none-eabi/lib/thumb/v7-m\libg.a(lib_a-impure.o)
 .data._impure_ptr
                0x00000000        0x4 c:/program files (x86)/gnu tools arm embedded/7 2017-q4-major/bin/../lib/gcc/arm-none-eabi/7.2.1/../../../../arm-none-eabi/lib/thumb/v7-m\libg.a(lib_a-impure.o)
 .text          0x00000000        0x0 c:/program files (x86)/gnu tools arm embedded/7 2017-q4-major/bin/../lib/gcc/arm-none-eabi/7.2.1/../../../../arm-none-eabi/lib/thumb/v7-m\libg.a(lib_a-init.o)
 .data          0x00000000        0x0 c:/program files (x86)/gnu tools arm embedded/7 2017-q4-major/bin/../lib/gcc/arm-none-eabi/7.2.1/../../../../arm-none-eabi/lib/thumb/v7-m\libg.a(lib_a-init.o)
 .bss           0x00000000        0x0 c:/program files (x86)/gnu tools arm embedded/7 2017-q4-major/bin/../lib/gcc/arm-none-eabi/7.2.1/../../../../arm-none-eabi/lib/thumb/v7-m\libg.a(lib_a-init.o)
 .text.__libc_init_array
                0x00000000       0x48 c:/program files (x86)/gnu tools arm embedded/7 2017-q4-major/bin/../lib/gcc/arm-none-eabi/7.2.1/../../../../arm-none-eabi/lib/thumb/v7-m\libg.a(lib_a-init.o)
 .debug_frame   0x00000000       0x2c c:/program files (x86)/gnu tools arm embedded/7 2017-q4-major/bin/../lib/gcc/arm-none-eabi/7.2.1/../../../../arm-none-eabi/lib/thumb/v7-m\libg.a(lib_a-init.o)
 .ARM.attributes
                0x00000000       0x2d c:/program files (x86)/gnu tools arm embedded/7 2017-q4-major/bin/../lib/gcc/arm-none-eabi/7.2.1/../../../../arm-none-eabi/lib/thumb/v7-m\libg.a(lib_a-init.o)
 .text          0x00000000        0x0 c:/program files (x86)/gnu tools arm embedded/7 2017-q4-major/bin/../lib/gcc/arm-none-eabi/7.2.1/../../../../arm-none-eabi/lib/thumb/v7-m\libg.a(lib_a-memset.o)
 .data          0x00000000        0x0 c:/program files (x86)/gnu tools arm embedded/7 2017-q4-major/bin/../lib/gcc/arm-none-eabi/7.2.1/../../../../arm-none-eabi/lib/thumb/v7-m\libg.a(lib_a-memset.o)
 .bss           0x00000000        0x0 c:/program files (x86)/gnu tools arm embedded/7 2017-q4-major/bin/../lib/gcc/arm-none-eabi/7.2.1/../../../../arm-none-eabi/lib/thumb/v7-m\libg.a(lib_a-memset.o)
 .text.memset   0x00000000       0x94 c:/program files (x86)/gnu tools arm embedded/7 2017-q4-major/bin/../lib/gcc/arm-none-eabi/7.2.1/../../../../arm-none-eabi/lib/thumb/v7-m\libg.a(lib_a-memset.o)
 .debug_frame   0x00000000       0x38 c:/program files (x86)/gnu tools arm embedded/7 2017-q4-major/bin/../lib/gcc/arm-none-eabi/7.2.1/../../../../arm-none-eabi/lib/thumb/v7-m\libg.a(lib_a-memset.o)
 .ARM.attributes
                0x00000000       0x2d c:/program files (x86)/gnu tools arm embedded/7 2017-q4-major/bin/../lib/gcc/arm-none-eabi/7.2.1/../../../../arm-none-eabi/lib/thumb/v7-m\libg.a(lib_a-memset.o)
 .text          0x00000000        0x0 c:/program files (x86)/gnu tools arm embedded/7 2017-q4-major/bin/../lib/gcc/arm-none-eabi/7.2.1/../../../../arm-none-eabi/lib/thumb/v7-m\libg.a(lib_a-__call_atexit.o)
 .data          0x00000000        0x0 c:/program files (x86)/gnu tools arm embedded/7 2017-q4-major/bin/../lib/gcc/arm-none-eabi/7.2.1/../../../../arm-none-eabi/lib/thumb/v7-m\libg.a(lib_a-__call_atexit.o)
 .bss           0x00000000        0x0 c:/program files (x86)/gnu tools arm embedded/7 2017-q4-major/bin/../lib/gcc/arm-none-eabi/7.2.1/../../../../arm-none-eabi/lib/thumb/v7-m\libg.a(lib_a-__call_atexit.o)
 .text.__call_exitprocs
                0x00000000       0xe8 c:/program files (x86)/gnu tools arm embedded/7 2017-q4-major/bin/../lib/gcc/arm-none-eabi/7.2.1/../../../../arm-none-eabi/lib/thumb/v7-m\libg.a(lib_a-__call_atexit.o)
 .text          0x00000000        0x0 c:/program files (x86)/gnu tools arm embedded/7 2017-q4-major/bin/../lib/gcc/arm-none-eabi/7.2.1/../../../../arm-none-eabi/lib/thumb/v7-m\libg.a(lib_a-atexit.o)
 .data          0x00000000        0x0 c:/program files (x86)/gnu tools arm embedded/7 2017-q4-major/bin/../lib/gcc/arm-none-eabi/7.2.1/../../../../arm-none-eabi/lib/thumb/v7-m\libg.a(lib_a-atexit.o)
 .bss           0x00000000        0x0 c:/program files (x86)/gnu tools arm embedded/7 2017-q4-major/bin/../lib/gcc/arm-none-eabi/7.2.1/../../../../arm-none-eabi/lib/thumb/v7-m\libg.a(lib_a-atexit.o)
 .text          0x00000000        0x0 c:/program files (x86)/gnu tools arm embedded/7 2017-q4-major/bin/../lib/gcc/arm-none-eabi/7.2.1/../../../../arm-none-eabi/lib/thumb/v7-m\libg.a(lib_a-fini.o)
 .data          0x00000000        0x0 c:/program files (x86)/gnu tools arm embedded/7 2017-q4-major/bin/../lib/gcc/arm-none-eabi/7.2.1/../../../../arm-none-eabi/lib/thumb/v7-m\libg.a(lib_a-fini.o)
 .bss           0x00000000        0x0 c:/program files (x86)/gnu tools arm embedded/7 2017-q4-major/bin/../lib/gcc/arm-none-eabi/7.2.1/../../../../arm-none-eabi/lib/thumb/v7-m\libg.a(lib_a-fini.o)
 .text          0x00000000        0x0 c:/program files (x86)/gnu tools arm embedded/7 2017-q4-major/bin/../lib/gcc/arm-none-eabi/7.2.1/../../../../arm-none-eabi/lib/thumb/v7-m\libg.a(lib_a-lock.o)
 .data          0x00000000        0x0 c:/program files (x86)/gnu tools arm embedded/7 2017-q4-major/bin/../lib/gcc/arm-none-eabi/7.2.1/../../../../arm-none-eabi/lib/thumb/v7-m\libg.a(lib_a-lock.o)
 .bss           0x00000000        0x0 c:/program files (x86)/gnu tools arm embedded/7 2017-q4-major/bin/../lib/gcc/arm-none-eabi/7.2.1/../../../../arm-none-eabi/lib/thumb/v7-m\libg.a(lib_a-lock.o)
 .text.__retarget_lock_init
                0x00000000        0x4 c:/program files (x86)/gnu tools arm embedded/7 2017-q4-major/bin/../lib/gcc/arm-none-eabi/7.2.1/../../../../arm-none-eabi/lib/thumb/v7-m\libg.a(lib_a-lock.o)
 .text.__retarget_lock_init_recursive
                0x00000000        0x4 c:/program files (x86)/gnu tools arm embedded/7 2017-q4-major/bin/../lib/gcc/arm-none-eabi/7.2.1/../../../../arm-none-eabi/lib/thumb/v7-m\libg.a(lib_a-lock.o)
 .text.__retarget_lock_close
                0x00000000        0x4 c:/program files (x86)/gnu tools arm embedded/7 2017-q4-major/bin/../lib/gcc/arm-none-eabi/7.2.1/../../../../arm-none-eabi/lib/thumb/v7-m\libg.a(lib_a-lock.o)
 .text.__retarget_lock_close_recursive
                0x00000000        0x4 c:/program files (x86)/gnu tools arm embedded/7 2017-q4-major/bin/../lib/gcc/arm-none-eabi/7.2.1/../../../../arm-none-eabi/lib/thumb/v7-m\libg.a(lib_a-lock.o)
 .text.__retarget_lock_acquire
                0x00000000        0x4 c:/program files (x86)/gnu tools arm embedded/7 2017-q4-major/bin/../lib/gcc/arm-none-eabi/7.2.1/../../../../arm-none-eabi/lib/thumb/v7-m\libg.a(lib_a-lock.o)
 .text.__retarget_lock_try_acquire
                0x00000000        0x4 c:/program files (x86)/gnu tools arm embedded/7 2017-q4-major/bin/../lib/gcc/arm-none-eabi/7.2.1/../../../../arm-none-eabi/lib/thumb/v7-m\libg.a(lib_a-lock.o)
 .text.__retarget_lock_try_acquire_recursive
                0x00000000        0x4 c:/program files (x86)/gnu tools arm embedded/7 2017-q4-major/bin/../lib/gcc/arm-none-eabi/7.2.1/../../../../arm-none-eabi/lib/thumb/v7-m\libg.a(lib_a-lock.o)
 .text.__retarget_lock_release
                0x00000000        0x4 c:/program files (x86)/gnu tools arm embedded/7 2017-q4-major/bin/../lib/gcc/arm-none-eabi/7.2.1/../../../../arm-none-eabi/lib/thumb/v7-m\libg.a(lib_a-lock.o)
 .text          0x00000000        0x0 c:/program files (x86)/gnu tools arm embedded/7 2017-q4-major/bin/../lib/gcc/arm-none-eabi/7.2.1/../../../../arm-none-eabi/lib/thumb/v7-m\libg.a(lib_a-__atexit.o)
 .data          0x00000000        0x0 c:/program files (x86)/gnu tools arm embedded/7 2017-q4-major/bin/../lib/gcc/arm-none-eabi/7.2.1/../../../../arm-none-eabi/lib/thumb/v7-m\libg.a(lib_a-__atexit.o)
 .bss           0x00000000        0x0 c:/program files (x86)/gnu tools arm embedded/7 2017-q4-major/bin/../lib/gcc/arm-none-eabi/7.2.1/../../../../arm-none-eabi/lib/thumb/v7-m\libg.a(lib_a-__atexit.o)
 .text          0x00000000        0x0 c:/program files (x86)/gnu tools arm embedded/7 2017-q4-major/bin/../lib/gcc/arm-none-eabi/7.2.1/thumb/v7-m/crtend.o
 .data          0x00000000        0x0 c:/program files (x86)/gnu tools arm embedded/7 2017-q4-major/bin/../lib/gcc/arm-none-eabi/7.2.1/thumb/v7-m/crtend.o
 .bss           0x00000000        0x0 c:/program files (x86)/gnu tools arm embedded/7 2017-q4-major/bin/../lib/gcc/arm-none-eabi/7.2.1/thumb/v7-m/crtend.o
 .eh_frame      0x00000000        0x4 c:/program files (x86)/gnu tools arm embedded/7 2017-q4-major/bin/../lib/gcc/arm-none-eabi/7.2.1/thumb/v7-m/crtend.o
 .ARM.attributes
                0x00000000       0x2d c:/program files (x86)/gnu tools arm embedded/7 2017-q4-major/bin/../lib/gcc/arm-none-eabi/7.2.1/thumb/v7-m/crtend.o
 .text          0x00000000        0x0 c:/program files (x86)/gnu tools arm embedded/7 2017-q4-major/bin/../lib/gcc/arm-none-eabi/7.2.1/thumb/v7-m/crtn.o
 .data          0x00000000        0x0 c:/program files (x86)/gnu tools arm embedded/7 2017-q4-major/bin/../lib/gcc/arm-none-eabi/7.2.1/thumb/v7-m/crtn.o
 .bss           0x00000000        0x0 c:/program files (x86)/gnu tools arm embedded/7 2017-q4-major/bin/../lib/gcc/arm-none-eabi/7.2.1/thumb/v7-m/crtn.o

Memory Configuration

Name             Origin             Length             Attributes
rom              0x08000000         0x00100000         xr
ram              0x20000000         0x00020000         xrw
ram1             0x10000000         0x00010000         xrw
*default*        0x00000000         0xffffffff

Linker script and memory map

LOAD c:/program files (x86)/gnu tools arm embedded/7 2017-q4-major/bin/../lib/gcc/arm-none-eabi/7.2.1/thumb/v7-m/crti.o
LOAD c:/program files (x86)/gnu tools arm embedded/7 2017-q4-major/bin/../lib/gcc/arm-none-eabi/7.2.1/thumb/v7-m/crtbegin.o
LOAD c:/program files (x86)/gnu tools arm embedded/7 2017-q4-major/bin/../lib/gcc/arm-none-eabi/7.2.1/../../../../arm-none-eabi/lib/thumb/v7-m/crt0.o
                0x20020000                _eram = 0x20020000

.text           0x08000000     0x3e44
 *(.isr_vector)
 .isr_vector    0x08000000      0x188 ..\obj\startup_stm32f4xx.o
                0x08000000                g_pfnVectors
 *(.text*)
 .text          0x08000188       0x40 c:/program files (x86)/gnu tools arm embedded/7 2017-q4-major/bin/../lib/gcc/arm-none-eabi/7.2.1/thumb/v7-m/crtbegin.o
 .text.irmp_init
                0x080001c8       0x3c ..\obj\irmp.o
                0x080001c8                irmp_init
 .text.irmp_get_data
                0x08000204      0x150 ..\obj\irmp.o
                0x08000204                irmp_get_data
 .text.irmp_store_bit
                0x08000354      0x20c ..\obj\irmp.o
 .text.irmp_ISR
                0x08000560      0x8ac ..\obj\irmp.o
                0x08000560                irmp_ISR
 .text.USB_OTG_WritePacket
                0x08000e0c       0x74 ..\obj\usb_core.o
                0x08000e0c                USB_OTG_WritePacket
 .text.USB_OTG_ReadPacket
                0x08000e80       0x56 ..\obj\usb_core.o
                0x08000e80                USB_OTG_ReadPacket
 *fill*         0x08000ed6        0x2 
 .text.USB_OTG_FlushTxFifo
                0x08000ed8       0x70 ..\obj\usb_core.o
                0x08000ed8                USB_OTG_FlushTxFifo
 .text.USB_OTG_GetMode
                0x08000f48       0x1c ..\obj\usb_core.o
                0x08000f48                USB_OTG_GetMode
 .text.USB_OTG_IsDeviceMode
                0x08000f64       0x22 ..\obj\usb_core.o
                0x08000f64                USB_OTG_IsDeviceMode
 .text.USB_OTG_ReadCoreItr
                0x08000f86       0x2c ..\obj\usb_core.o
                0x08000f86                USB_OTG_ReadCoreItr
 .text.USB_OTG_GetDeviceSpeed
                0x08000fb2       0x46 ..\obj\usb_core.o
                0x08000fb2                USB_OTG_GetDeviceSpeed
 .text.USB_OTG_EP0Activate
                0x08000ff8       0x76 ..\obj\usb_core.o
                0x08000ff8                USB_OTG_EP0Activate
 .text.USB_OTG_EPActivate
                0x0800106e       0xd6 ..\obj\usb_core.o
                0x0800106e                USB_OTG_EPActivate
 .text.USB_OTG_EPStartXfer
                0x08001144      0x282 ..\obj\usb_core.o
                0x08001144                USB_OTG_EPStartXfer
 .text.USB_OTG_EP0StartXfer
                0x080013c6      0x1ca ..\obj\usb_core.o
                0x080013c6                USB_OTG_EP0StartXfer
 .text.USB_OTG_EPSetStall
                0x08001590       0x84 ..\obj\usb_core.o
                0x08001590                USB_OTG_EPSetStall
 .text.USB_OTG_EPClearStall
                0x08001614       0x74 ..\obj\usb_core.o
                0x08001614                USB_OTG_EPClearStall
 .text.USB_OTG_ReadDevAllOutEp_itr
                0x08001688       0x2a ..\obj\usb_core.o
                0x08001688                USB_OTG_ReadDevAllOutEp_itr
 .text.USB_OTG_ReadDevOutEP_itr
                0x080016b2       0x34 ..\obj\usb_core.o
                0x080016b2                USB_OTG_ReadDevOutEP_itr
 .text.USB_OTG_ReadDevAllInEPItr
                0x080016e6       0x2a ..\obj\usb_core.o
                0x080016e6                USB_OTG_ReadDevAllInEPItr
 .text.USB_OTG_EP0_OutStart
                0x08001710       0x70 ..\obj\usb_core.o
                0x08001710                USB_OTG_EP0_OutStart
 .text.USB_OTG_UngateClock
                0x08001780       0x52 ..\obj\usb_core.o
                0x08001780                USB_OTG_UngateClock
 *fill*         0x080017d2        0x2 
 .text.TIMER_1HZ_init
                0x080017d4       0x44 ..\obj\start.o
                0x080017d4                TIMER_1HZ_init
 .text.TIMER_Interrupt_init
                0x08001818       0x3c ..\obj\start.o
                0x08001818                TIMER_Interrupt_init
 .text.TIM3_IRQHandler
                0x08001854       0xe4 ..\obj\start.o
                0x08001854                TIM3_IRQHandler
 .text.OTG_FS_IRQHandler
                0x08001938       0x14 ..\obj\start.o
                0x08001938                OTG_FS_IRQHandler
 .text.OTG_FS_WKUP_IRQHandler
                0x0800194c       0x38 ..\obj\start.o
                0x0800194c                OTG_FS_WKUP_IRQHandler
 .text.UB_IRMP_Init
                0x08001984       0x14 ..\obj\stm32_ub_irmp.o
                0x08001984                UB_IRMP_Init
 .text.UB_IRMP_Read
                0x08001998       0x18 ..\obj\stm32_ub_irmp.o
                0x08001998                UB_IRMP_Read
 .text.P_IRMP_InitTIM
                0x080019b0       0x4a ..\obj\stm32_ub_irmp.o
                0x080019b0                P_IRMP_InitTIM
 .text.P_IRMP_InitNVIC
                0x080019fa       0x26 ..\obj\stm32_ub_irmp.o
                0x080019fa                P_IRMP_InitNVIC
 .text.TIM2_IRQHandler
                0x08001a20       0x16 ..\obj\stm32_ub_irmp.o
                0x08001a20                TIM2_IRQHandler
 *fill*         0x08001a36        0x2 
 .text.Default_Reset_Handler
                0x08001a38       0x5c ..\obj\startup_stm32f4xx.o
                0x08001a38                Default_Reset_Handler
                0x08001a38                Reset_Handler
 .text.Default_Handler
                0x08001a94        0x6 ..\obj\startup_stm32f4xx.o
                0x08001a94                RTC_Alarm_IRQHandler
                0x08001a94                HASH_RNG_IRQHandler
                0x08001a94                EXTI2_IRQHandler
                0x08001a94                TIM8_CC_IRQHandler
                0x08001a94                DebugMon_Handler
                0x08001a94                TIM1_CC_IRQHandler
                0x08001a94                DMA2_Stream5_IRQHandler
                0x08001a94                HardFault_Handler
                0x08001a94                DMA1_Stream5_IRQHandler
                0x08001a94                SysTick_Handler
                0x08001a94                PVD_IRQHandler
                0x08001a94                SDIO_IRQHandler
                0x08001a94                TAMP_STAMP_IRQHandler
                0x08001a94                PendSV_Handler
                0x08001a94                NMI_Handler
                0x08001a94                CAN2_RX1_IRQHandler
                0x08001a94                EXTI3_IRQHandler
                0x08001a94                TIM8_TRG_COM_TIM14_IRQHandler
                0x08001a94                TIM1_UP_TIM10_IRQHandler
                0x08001a94                TIM8_UP_TIM13_IRQHandler
                0x08001a94                I2C3_ER_IRQHandler
                0x08001a94                EXTI0_IRQHandler
                0x08001a94                I2C2_EV_IRQHandler
                0x08001a94                DMA1_Stream2_IRQHandler
                0x08001a94                CAN1_RX0_IRQHandler
                0x08001a94                FPU_IRQHandler
                0x08001a94                OTG_HS_WKUP_IRQHandler
                0x08001a94                UsageFault_Handler
                0x08001a94                CAN2_SCE_IRQHandler
                0x08001a94                DMA2_Stream2_IRQHandler
                0x08001a94                SPI1_IRQHandler
                0x08001a94                TIM6_DAC_IRQHandler
                0x08001a94                TIM1_BRK_TIM9_IRQHandler
                0x08001a94                DCMI_IRQHandler
                0x08001a94                CAN2_RX0_IRQHandler
                0x08001a94                DMA2_Stream3_IRQHandler
                0x08001a94                USART6_IRQHandler
                0x08001a94                USART3_IRQHandler
                0x08001a94                CRYP_IRQHandler
                0x08001a94                CAN1_RX1_IRQHandler
                0x08001a94                UART5_IRQHandler
                0x08001a94                DMA2_Stream0_IRQHandler
                0x08001a94                TIM4_IRQHandler
                0x08001a94                I2C1_EV_IRQHandler
                0x08001a94                DMA1_Stream6_IRQHandler
                0x08001a94                DMA1_Stream1_IRQHandler
                0x08001a94                UART4_IRQHandler
                0x08001a94                RCC_IRQHandler
                0x08001a94                TIM8_BRK_TIM12_IRQHandler
                0x08001a94                EXTI15_10_IRQHandler
                0x08001a94                ADC_IRQHandler
                0x08001a94                DMA1_Stream7_IRQHandler
                0x08001a94                TIM7_IRQHandler
                0x08001a94                CAN2_TX_IRQHandler
                0x08001a94                TIM5_IRQHandler
                0x08001a94                DMA2_Stream7_IRQHandler
                0x08001a94                I2C3_EV_IRQHandler
                0x08001a94                EXTI9_5_IRQHandler
                0x08001a94                RTC_WKUP_IRQHandler
                0x08001a94                ETH_WKUP_IRQHandler
                0x08001a94                SPI2_IRQHandler
                0x08001a94                OTG_HS_EP1_IN_IRQHandler
                0x08001a94                MemManage_Handler
                0x08001a94                DMA1_Stream0_IRQHandler
                0x08001a94                CAN1_TX_IRQHandler
                0x08001a94                SVC_Handler
                0x08001a94                EXTI4_IRQHandler
                0x08001a94                FSMC_IRQHandler
                0x08001a94                ETH_IRQHandler
                0x08001a94                OTG_HS_EP1_OUT_IRQHandler
                0x08001a94                WWDG_IRQHandler
                0x08001a94                TIM1_TRG_COM_TIM11_IRQHandler
                0x08001a94                OTG_HS_IRQHandler
                0x08001a94                EXTI1_IRQHandler
                0x08001a94                USART2_IRQHandler
                0x08001a94                I2C2_ER_IRQHandler
                0x08001a94                DMA2_Stream1_IRQHandler
                0x08001a94                CAN1_SCE_IRQHandler
                0x08001a94                FLASH_IRQHandler
                0x08001a94                DMA2_Stream4_IRQHandler
                0x08001a94                BusFault_Handler
                0x08001a94                USART1_IRQHandler
                0x08001a94                SPI3_IRQHandler
                0x08001a94                DMA1_Stream4_IRQHandler
                0x08001a94                I2C1_ER_IRQHandler
                0x08001a94                DMA2_Stream6_IRQHandler
                0x08001a94                DMA1_Stream3_IRQHandler
 *fill*         0x08001a9a        0x2 
 .text.Led_Init
                0x08001a9c       0xa8 ..\obj\stm32_ub_led.o
                0x08001a9c                Led_Init
 .text.UB_Led_Off
                0x08001b44       0x40 ..\obj\stm32_ub_led.o
                0x08001b44                UB_Led_Off
 .text.UB_Led_On
                0x08001b84       0x40 ..\obj\stm32_ub_led.o
                0x08001b84                UB_Led_On
 .text.USBD_SetupStage
                0x08001bc4       0x6c ..\obj\usbd_core.o
 .text.USBD_DataOutStage
                0x08001c30       0xcc ..\obj\usbd_core.o
 .text.USBD_DataInStage
                0x08001cfc      0x102 ..\obj\usbd_core.o
 .text.USBD_Reset
                0x08001dfe       0x42 ..\obj\usbd_core.o
 .text.USBD_Resume
                0x08001e40       0x24 ..\obj\usbd_core.o
 .text.USBD_Suspend
                0x08001e64       0x24 ..\obj\usbd_core.o
 .text.USBD_SOF
                0x08001e88       0x2a ..\obj\usbd_core.o
 .text.USBD_SetCfg
                0x08001eb2       0x30 ..\obj\usbd_core.o
                0x08001eb2                USBD_SetCfg
 .text.USBD_ClrCfg
                0x08001ee2       0x26 ..\obj\usbd_core.o
                0x08001ee2                USBD_ClrCfg
 .text.USBD_IsoINIncomplete
                0x08001f08       0x1e ..\obj\usbd_core.o
 .text.USBD_IsoOUTIncomplete
                0x08001f26       0x1e ..\obj\usbd_core.o
 .text.main     0x08001f44       0x28 ..\obj\main.o
                0x08001f44                main
 .text.RCC_AHB1PeriphClockCmd
                0x08001f6c       0x3c ..\obj\stm32f4xx_rcc.o
                0x08001f6c                RCC_AHB1PeriphClockCmd
 .text.RCC_APB1PeriphClockCmd
                0x08001fa8       0x3c ..\obj\stm32f4xx_rcc.o
                0x08001fa8                RCC_APB1PeriphClockCmd
 .text.GPIO_Init
                0x08001fe4      0x11a ..\obj\stm32f4xx_gpio.o
                0x08001fe4                GPIO_Init
 .text.GPIO_ReadInputDataBit
                0x080020fe       0x32 ..\obj\stm32f4xx_gpio.o
                0x080020fe                GPIO_ReadInputDataBit
 .text.VCP_send_buffer
                0x08002130       0x1c ..\obj\usbd_cdc_vcp.o
                0x08002130                VCP_send_buffer
 .text.VCP_DataTx
                0x0800214c       0x5c ..\obj\usbd_cdc_vcp.o
 .text.SystemInit
                0x080021a8       0x5c ..\obj\system_stm32f4xx.o
                0x080021a8                SystemInit
 .text.SetSysClock
                0x08002204       0xf4 ..\obj\system_stm32f4xx.o
 .text.USB_OTG_BSP_uDelay
                0x080022f8       0x48 ..\obj\usb_bsp.o
                0x080022f8                USB_OTG_BSP_uDelay
 .text.USBD_StdDevReq
                0x08002340       0xa0 ..\obj\usbd_req.o
                0x08002340                USBD_StdDevReq
 .text.USBD_StdItfReq
                0x080023e0       0x66 ..\obj\usbd_req.o
                0x080023e0                USBD_StdItfReq
 *fill*         0x08002446        0x2 
 .text.USBD_StdEPReq
                0x08002448      0x1b0 ..\obj\usbd_req.o
                0x08002448                USBD_StdEPReq
 .text.USBD_GetDescriptor
                0x080025f8      0x1a8 ..\obj\usbd_req.o
 .text.USBD_SetAddress
                0x080027a0       0x7c ..\obj\usbd_req.o
 .text.USBD_SetConfig
                0x0800281c       0xf4 ..\obj\usbd_req.o
 .text.USBD_GetConfig
                0x08002910       0x60 ..\obj\usbd_req.o
 .text.USBD_GetStatus
                0x08002970       0x50 ..\obj\usbd_req.o
 .text.USBD_SetFeature
                0x080029c0       0xd0 ..\obj\usbd_req.o
 .text.USBD_ClrFeature
                0x08002a90       0x50 ..\obj\usbd_req.o
 .text.USBD_ParseSetupRequest
                0x08002ae0       0x90 ..\obj\usbd_req.o
                0x08002ae0                USBD_ParseSetupRequest
 .text.USBD_CtlError
                0x08002b70       0x46 ..\obj\usbd_req.o
                0x08002b70                USBD_CtlError
 .text.USBD_OTG_ISR_Handler
                0x08002bb6      0x15c ..\obj\usb_dcd_int.o
                0x08002bb6                USBD_OTG_ISR_Handler
 *fill*         0x08002d12        0x2 
 .text.DCD_HandleResume_ISR
                0x08002d14       0x80 ..\obj\usb_dcd_int.o
 .text.DCD_HandleUSBSuspend_ISR
                0x08002d94       0x9c ..\obj\usb_dcd_int.o
 .text.DCD_HandleInEP_ISR
                0x08002e30      0x1ec ..\obj\usb_dcd_int.o
 .text.DCD_HandleOutEP_ISR
                0x0800301c      0x178 ..\obj\usb_dcd_int.o
 .text.DCD_HandleSof_ISR
                0x08003194       0x34 ..\obj\usb_dcd_int.o
 .text.DCD_HandleRxStatusQueueLevel_ISR
                0x080031c8      0x104 ..\obj\usb_dcd_int.o
 .text.DCD_WriteEmptyTxFifo
                0x080032cc       0xe2 ..\obj\usb_dcd_int.o
 *fill*         0x080033ae        0x2 
 .text.DCD_HandleUsbReset_ISR
                0x080033b0      0x138 ..\obj\usb_dcd_int.o
 .text.DCD_HandleEnumDone_ISR
                0x080034e8       0x78 ..\obj\usb_dcd_int.o
 .text.DCD_IsoINIncomplete_ISR
                0x08003560       0x34 ..\obj\usb_dcd_int.o
 .text.DCD_IsoOUTIncomplete_ISR
                0x08003594       0x34 ..\obj\usb_dcd_int.o
 .text.DCD_ReadDevInEP
                0x080035c8       0x4e ..\obj\usb_dcd_int.o
 *fill*         0x08003616        0x2 
 .text.EXTI_ClearITPendingBit
                0x08003618       0x1c ..\obj\stm32f4xx_exti.o
                0x08003618                EXTI_ClearITPendingBit
 .text.NVIC_Init
                0x08003634       0xc4 ..\obj\misc.o
                0x08003634                NVIC_Init
 .text.DCD_EP_Open
                0x080036f8       0xac ..\obj\usb_dcd.o
                0x080036f8                DCD_EP_Open
 .text.DCD_EP_PrepareRx
                0x080037a4       0x82 ..\obj\usb_dcd.o
                0x080037a4                DCD_EP_PrepareRx
 .text.DCD_EP_Tx
                0x08003826       0x76 ..\obj\usb_dcd.o
                0x08003826                DCD_EP_Tx
 .text.DCD_EP_Stall
                0x0800389c       0x76 ..\obj\usb_dcd.o
                0x0800389c                DCD_EP_Stall
 .text.DCD_EP_ClrStall
                0x08003912       0x76 ..\obj\usb_dcd.o
                0x08003912                DCD_EP_ClrStall
 .text.DCD_EP_SetAddress
                0x08003988       0x3a ..\obj\usb_dcd.o
                0x08003988                DCD_EP_SetAddress
 .text.USBD_CtlSendData
                0x080039c2       0x40 ..\obj\usbd_ioreq.o
                0x080039c2                USBD_CtlSendData
 .text.USBD_CtlContinueSendData
                0x08003a02       0x28 ..\obj\usbd_ioreq.o
                0x08003a02                USBD_CtlContinueSendData
 .text.USBD_CtlContinueRx
                0x08003a2a       0x28 ..\obj\usbd_ioreq.o
                0x08003a2a                USBD_CtlContinueRx
 .text.USBD_CtlSendStatus
                0x08003a52       0x30 ..\obj\usbd_ioreq.o
                0x08003a52                USBD_CtlSendStatus
 .text.USBD_CtlReceiveStatus
                0x08003a82       0x30 ..\obj\usbd_ioreq.o
                0x08003a82                USBD_CtlReceiveStatus
 *fill*         0x08003ab2        0x2 
 .text.TIM_TimeBaseInit
                0x08003ab4       0xd4 ..\obj\stm32f4xx_tim.o
                0x08003ab4                TIM_TimeBaseInit
 .text.TIM_Cmd  0x08003b88       0x3e ..\obj\stm32f4xx_tim.o
                0x08003b88                TIM_Cmd
 .text.TIM_ITConfig
                0x08003bc6       0x46 ..\obj\stm32f4xx_tim.o
                0x08003bc6                TIM_ITConfig
 .text.TIM_GetITStatus
                0x08003c0c       0x52 ..\obj\stm32f4xx_tim.o
                0x08003c0c                TIM_GetITStatus
 .text.TIM_ClearITPendingBit
                0x08003c5e       0x20 ..\obj\stm32f4xx_tim.o
                0x08003c5e                TIM_ClearITPendingBit
 *fill*         0x08003c7e        0x2 
 .text.startup.register_fini
                0x08003c80       0x14 c:/program files (x86)/gnu tools arm embedded/7 2017-q4-major/bin/../lib/gcc/arm-none-eabi/7.2.1/../../../../arm-none-eabi/lib/thumb/v7-m\libg.a(lib_a-__call_atexit.o)
 .text.atexit   0x08003c94        0xc c:/program files (x86)/gnu tools arm embedded/7 2017-q4-major/bin/../lib/gcc/arm-none-eabi/7.2.1/../../../../arm-none-eabi/lib/thumb/v7-m\libg.a(lib_a-atexit.o)
                0x08003c94                atexit
 .text.__libc_fini_array
                0x08003ca0       0x34 c:/program files (x86)/gnu tools arm embedded/7 2017-q4-major/bin/../lib/gcc/arm-none-eabi/7.2.1/../../../../arm-none-eabi/lib/thumb/v7-m\libg.a(lib_a-fini.o)
                0x08003ca0                __libc_fini_array
 .text.__retarget_lock_acquire_recursive
                0x08003cd4        0x4 c:/program files (x86)/gnu tools arm embedded/7 2017-q4-major/bin/../lib/gcc/arm-none-eabi/7.2.1/../../../../arm-none-eabi/lib/thumb/v7-m\libg.a(lib_a-lock.o)
                0x08003cd4                __retarget_lock_acquire_recursive
 .text.__retarget_lock_release_recursive
                0x08003cd8        0x4 c:/program files (x86)/gnu tools arm embedded/7 2017-q4-major/bin/../lib/gcc/arm-none-eabi/7.2.1/../../../../arm-none-eabi/lib/thumb/v7-m\libg.a(lib_a-lock.o)
                0x08003cd8                __retarget_lock_release_recursive
 .text.__register_exitproc
                0x08003cdc       0xc0 c:/program files (x86)/gnu tools arm embedded/7 2017-q4-major/bin/../lib/gcc/arm-none-eabi/7.2.1/../../../../arm-none-eabi/lib/thumb/v7-m\libg.a(lib_a-__atexit.o)
                0x08003cdc                __register_exitproc
 *(.init)
 .init          0x08003d9c        0x4 c:/program files (x86)/gnu tools arm embedded/7 2017-q4-major/bin/../lib/gcc/arm-none-eabi/7.2.1/thumb/v7-m/crti.o
                0x08003d9c                _init
 .init          0x08003da0        0x8 c:/program files (x86)/gnu tools arm embedded/7 2017-q4-major/bin/../lib/gcc/arm-none-eabi/7.2.1/thumb/v7-m/crtn.o
 *(.fini)
 .fini          0x08003da8        0x4 c:/program files (x86)/gnu tools arm embedded/7 2017-q4-major/bin/../lib/gcc/arm-none-eabi/7.2.1/thumb/v7-m/crti.o
                0x08003da8                _fini
 .fini          0x08003dac        0x8 c:/program files (x86)/gnu tools arm embedded/7 2017-q4-major/bin/../lib/gcc/arm-none-eabi/7.2.1/thumb/v7-m/crtn.o
 *crtbegin.o(.ctors)
 *crtbegin?.o(.ctors)
 *(EXCLUDE_FILE(*crtend.o *crtend?.o) .ctors)
 *(SORT_BY_NAME(.ctors.*))
 *(.ctors)
 *crtbegin.o(.dtors)
 *crtbegin?.o(.dtors)
 *(EXCLUDE_FILE(*crtend.o *crtend?.o) .dtors)
 *(SORT_BY_NAME(.dtors.*))
 *(.dtors)
 *(.rodata*)
 .rodata        0x08003db4       0x89 ..\obj\irmp.o
 *fill*         0x08003e3d        0x3 
 .rodata._global_impure_ptr
                0x08003e40        0x4 c:/program files (x86)/gnu tools arm embedded/7 2017-q4-major/bin/../lib/gcc/arm-none-eabi/7.2.1/../../../../arm-none-eabi/lib/thumb/v7-m\libg.a(lib_a-impure.o)
                0x08003e40                _global_impure_ptr
 *(.eh_fram e*)

.eh_frame       0x08003e44        0x0
 .eh_frame      0x08003e44        0x0 c:/program files (x86)/gnu tools arm embedded/7 2017-q4-major/bin/../lib/gcc/arm-none-eabi/7.2.1/thumb/v7-m/crtbegin.o

.glue_7         0x08003e44        0x0
 .glue_7        0x08003e44        0x0 linker stubs

.glue_7t        0x08003e44        0x0
 .glue_7t       0x08003e44        0x0 linker stubs

.vfp11_veneer   0x08003e44        0x0
 .vfp11_veneer  0x08003e44        0x0 linker stubs

.v4_bx          0x08003e44        0x0
 .v4_bx         0x08003e44        0x0 linker stubs

.iplt           0x08003e44        0x0
 .iplt          0x08003e44        0x0 c:/program files (x86)/gnu tools arm embedded/7 2017-q4-major/bin/../lib/gcc/arm-none-eabi/7.2.1/thumb/v7-m/crtbegin.o

.rel.dyn        0x08003e44        0x0
 .rel.iplt      0x08003e44        0x0 c:/program files (x86)/gnu tools arm embedded/7 2017-q4-major/bin/../lib/gcc/arm-none-eabi/7.2.1/thumb/v7-m/crtbegin.o

.ARM.extab
 *(.ARM.extab* .gnu.linkonce.armextab.*)
                0x08003e44                __exidx_start = .

.ARM.exidx
 *(.ARM.exidx* .gnu.linkonce.armexidx.*)
                0x08003e44                __exidx_end = .
                0x08003e44                __etext = .
                0x08003e44                _sidata = __etext

.data           0x20000000      0x4c0 load address 0x08003e44
                0x20000000                __data_start__ = .
                0x20000000                _sdata = __data_start__
 *(vtable)
 *(.data*)
 .data          0x20000000        0x6 ..\obj\irmp.o
 *fill*         0x20000006        0x2 
 .data          0x20000008       0x50 ..\obj\stm32_ub_led.o
                0x20000008                LED
 .data          0x20000058       0x30 ..\obj\usbd_core.o
                0x20000058                USBD_DCD_INT_cb
                0x20000084                USBD_DCD_INT_fops
 .data.impure_data
                0x20000088      0x428 c:/program files (x86)/gnu tools arm embedded/7 2017-q4-major/bin/../lib/gcc/arm-none-eabi/7.2.1/../../../../arm-none-eabi/lib/thumb/v7-m\libg.a(lib_a-impure.o)
 .data.__atexit_recursive_mutex
                0x200004b0        0x4 c:/program files (x86)/gnu tools arm embedded/7 2017-q4-major/bin/../lib/gcc/arm-none-eabi/7.2.1/../../../../arm-none-eabi/lib/thumb/v7-m\libg.a(lib_a-__call_atexit.o)
                0x200004b0                __atexit_recursive_mutex
                0x200004b4                . = ALIGN (0x4)
                0x200004b4                PROVIDE (__preinit_array_start, .)
 *(.preinit_array)
                0x200004b4                PROVIDE (__preinit_array_end, .)
                0x200004b4                . = ALIGN (0x4)
                0x200004b4                PROVIDE (__init_array_start, .)
 *(SORT_BY_NAME(.init_array.*))
 .init_array.00000
                0x200004b4        0x4 c:/program files (x86)/gnu tools arm embedded/7 2017-q4-major/bin/../lib/gcc/arm-none-eabi/7.2.1/../../../../arm-none-eabi/lib/thumb/v7-m\libg.a(lib_a-__call_atexit.o)
 *(.init_array)
 .init_array    0x200004b8        0x4 c:/program files (x86)/gnu tools arm embedded/7 2017-q4-major/bin/../lib/gcc/arm-none-eabi/7.2.1/thumb/v7-m/crtbegin.o
                0x200004bc                PROVIDE (__init_array_end, .)
                0x200004bc                . = ALIGN (0x4)
                0x200004bc                PROVIDE (__fini_array_start, .)
 *(SORT_BY_NAME(.fini_array.*))
 *(.fini_array)
 .fini_array    0x200004bc        0x4 c:/program files (x86)/gnu tools arm embedded/7 2017-q4-major/bin/../lib/gcc/arm-none-eabi/7.2.1/thumb/v7-m/crtbegin.o
                0x200004c0                PROVIDE (__fini_array_end, .)
 *(.jcr*)
                0x200004c0                . = ALIGN (0x4)
                0x200004c0                __data_end__ = .
                0x200004c0                _edata = __data_end__

.igot.plt       0x200004c0        0x0 load address 0x08004304
 .igot.plt      0x200004c0        0x0 c:/program files (x86)/gnu tools arm embedded/7 2017-q4-major/bin/../lib/gcc/arm-none-eabi/7.2.1/thumb/v7-m/crtbegin.o

.bss            0x200004c0      0xf38 load address 0x08004304
                0x200004c0                . = ALIGN (0x4)
                0x200004c0                __bss_start__ = .
                0x200004c0                _sbss = __bss_start__
 *(.bss*)
 .bss           0x200004c0       0x1c c:/program files (x86)/gnu tools arm embedded/7 2017-q4-major/bin/../lib/gcc/arm-none-eabi/7.2.1/thumb/v7-m/crtbegin.o
 .bss           0x200004dc       0x39 ..\obj\irmp.o
 *fill*         0x20000515        0x3 
 .bss           0x20000518        0x4 ..\obj\start.o
                0x20000518                global
 .bss           0x2000051c        0xd ..\obj\usbd_req.o
                0x2000051c                USBD_ep_status
                0x20000520                USBD_default_cfg
                0x20000524                USBD_cfg_status
 *fill*         0x20000529        0x3 
 .bss           0x2000052c       0x1c ..\obj\usbd_cdc_core.o
                0x20000530                APP_Rx_ptr_in
                0x20000534                APP_Rx_ptr_out
                0x20000538                APP_Rx_length
                0x2000053c                USB_Tx_State
 *(COMMON)
 COMMON         0x20000548      0x600 ..\obj\start.o
                0x20000548                flag
                0x2000054c                myIRData
                0x20000554                USB_OTG_dev
                0x20000b44                lastCommand
 COMMON         0x20000b48      0x88c ..\obj\usbd_cdc_core.o
                0x20000b48                usbd_cdc_OtherCfgDesc
                0x20000b8c                USB_Rx_Buffer
                0x20000bcc                CmdBuff
                0x20000bd4                APP_Rx_Buffer
 COMMON         0x200013d4       0x21 c:/program files (x86)/gnu tools arm embedded/7 2017-q4-major/bin/../lib/gcc/arm-none-eabi/7.2.1/../../../../arm-none-eabi/lib/thumb/v7-m\libg.a(lib_a-lock.o)
                0x200013d4                __lock___atexit_recursive_mutex
                0x200013d8                __lock___arc4random_mutex
                0x200013dc                __lock___env_recursive_mutex
                0x200013e0                __lock___sinit_recursive_mutex
                0x200013e4                __lock___malloc_recursive_mutex
                0x200013e8                __lock___at_quick_exit_mutex
                0x200013ec                __lock___dd_hash_mutex
                0x200013f0                __lock___tz_mutex
                0x200013f4                __lock___sfp_recursive_mutex
                0x200013f8                . = ALIGN (0x4)
 *fill*         0x200013f5        0x3 
                0x200013f8                __bss_end__ = .
                0x200013f8                _ebss = __bss_end__

.heap           0x200013f8        0x0
                0x200013f8                __end__ = .
                0x200013f8                _end = __end__
                0x200013f8                end = __end__
 *(.heap*)
                0x200013f8                __HeapLimit = .

.co_stack       0x200013f8      0x800 load address 0x0800523c
                0x200013f8                . = ALIGN (0x8)
 *(.co_stack .co_stack.*)
 .co_stack      0x200013f8      0x800 ..\obj\startup_stm32f4xx.o
                0x200013f8                pulStack
                0x20020000                __StackTop = (ORIGIN (ram) + LENGTH (ram))
                0x2001f800                __StackLimit = (__StackTop - SIZEOF (.co_stack))
                0x20020000                PROVIDE (__stack, __StackTop)
                0x00000001                ASSERT ((__StackLimit >= __HeapLimit), region ram  overflowed with stack)
LOAD ..\obj\irmp.o
LOAD ..\obj\stm32f4xx_syscfg.o
LOAD ..\obj\usb_core.o
LOAD ..\obj\usbd_usr.o
LOAD ..\obj\stm32f4xx_usart.o
LOAD ..\obj\start.o
LOAD ..\obj\stm32_ub_irmp.o
LOAD ..\obj\startup_stm32f4xx.o
LOAD ..\obj\stm32_ub_led.o
LOAD ..\obj\usbd_core.o
LOAD ..\obj\main.o
LOAD ..\obj\stm32f4xx_rcc.o
LOAD ..\obj\usbd_desc.o
LOAD ..\obj\stm32f4xx_gpio.o
LOAD ..\obj\usbd_cdc_vcp.o
LOAD ..\obj\system_stm32f4xx.o
LOAD ..\obj\usb_bsp.o
LOAD ..\obj\usbd_req.o
LOAD ..\obj\usb_dcd_int.o
LOAD ..\obj\usbd_cdc_core.o
LOAD ..\obj\stm32f4xx_exti.o
LOAD ..\obj\misc.o
LOAD ..\obj\usb_dcd.o
LOAD ..\obj\usbd_ioreq.o
LOAD ..\obj\stm32f4xx_tim.o
LOAD c:/program files (x86)/gnu tools arm embedded/7 2017-q4-major/bin/../lib/gcc/arm-none-eabi/7.2.1/../../../../arm-none-eabi/lib/thumb/v7-m\libstdc++.a
START GROUP
LOAD c:/program files (x86)/gnu tools arm embedded/7 2017-q4-major/bin/../lib/gcc/arm-none-eabi/7.2.1/thumb/v7-m\libgcc.a
LOAD c:/program files (x86)/gnu tools arm embedded/7 2017-q4-major/bin/../lib/gcc/arm-none-eabi/7.2.1/../../../../arm-none-eabi/lib/thumb/v7-m\libg.a
LOAD c:/program files (x86)/gnu tools arm embedded/7 2017-q4-major/bin/../lib/gcc/arm-none-eabi/7.2.1/../../../../arm-none-eabi/lib/thumb/v7-m\libc.a
END GROUP
LOAD c:/program files (x86)/gnu tools arm embedded/7 2017-q4-major/bin/../lib/gcc/arm-none-eabi/7.2.1/thumb/v7-m/crtend.o
LOAD c:/program files (x86)/gnu tools arm embedded/7 2017-q4-major/bin/../lib/gcc/arm-none-eabi/7.2.1/thumb/v7-m/crtn.o
OUTPUT(build.elf elf32-littlearm)

.ARM.attributes
                0x00000000       0x29
 .ARM.attributes
                0x00000000       0x1d c:/program files (x86)/gnu tools arm embedded/7 2017-q4-major/bin/../lib/gcc/arm-none-eabi/7.2.1/thumb/v7-m/crti.o
 .ARM.attributes
                0x0000001d       0x2d c:/program files (x86)/gnu tools arm embedded/7 2017-q4-major/bin/../lib/gcc/arm-none-eabi/7.2.1/thumb/v7-m/crtbegin.o
 .ARM.attributes
                0x0000004a       0x33 ..\obj\irmp.o
 .ARM.attributes
                0x0000007d       0x33 ..\obj\usb_core.o
 .ARM.attributes
                0x000000b0       0x33 ..\obj\start.o
 .ARM.attributes
                0x000000e3       0x33 ..\obj\stm32_ub_irmp.o
 .ARM.attributes
                0x00000116       0x33 ..\obj\startup_stm32f4xx.o
 .ARM.attributes
                0x00000149       0x33 ..\obj\stm32_ub_led.o
 .ARM.attributes
                0x0000017c       0x33 ..\obj\usbd_core.o
 .ARM.attributes
                0x000001af       0x33 ..\obj\main.o
 .ARM.attributes
                0x000001e2       0x33 ..\obj\stm32f4xx_rcc.o
 .ARM.attributes
                0x00000215       0x33 ..\obj\stm32f4xx_gpio.o
 .ARM.attributes
                0x00000248       0x33 ..\obj\usbd_cdc_vcp.o
 .ARM.attributes
                0x0000027b       0x33 ..\obj\system_stm32f4xx.o
 .ARM.attributes
                0x000002ae       0x33 ..\obj\usb_bsp.o
 .ARM.attributes
                0x000002e1       0x33 ..\obj\usbd_req.o
 .ARM.attributes
                0x00000314       0x33 ..\obj\usb_dcd_int.o
 .ARM.attributes
                0x00000347       0x33 ..\obj\usbd_cdc_core.o
 .ARM.attributes
                0x0000037a       0x33 ..\obj\stm32f4xx_exti.o
 .ARM.attributes
                0x000003ad       0x33 ..\obj\misc.o
 .ARM.attributes
                0x000003e0       0x33 ..\obj\usb_dcd.o
 .ARM.attributes
                0x00000413       0x33 ..\obj\usbd_ioreq.o
 .ARM.attributes
                0x00000446       0x33 ..\obj\stm32f4xx_tim.o
 .ARM.attributes
                0x00000479       0x2d c:/program files (x86)/gnu tools arm embedded/7 2017-q4-major/bin/../lib/gcc/arm-none-eabi/7.2.1/../../../../arm-none-eabi/lib/thumb/v7-m\libg.a(lib_a-impure.o)
 .ARM.attributes
                0x000004a6       0x2d c:/program files (x86)/gnu tools arm embedded/7 2017-q4-major/bin/../lib/gcc/arm-none-eabi/7.2.1/../../../../arm-none-eabi/lib/thumb/v7-m\libg.a(lib_a-__call_atexit.o)
 .ARM.attributes
                0x000004d3       0x2d c:/program files (x86)/gnu tools arm embedded/7 2017-q4-major/bin/../lib/gcc/arm-none-eabi/7.2.1/../../../../arm-none-eabi/lib/thumb/v7-m\libg.a(lib_a-atexit.o)
 .ARM.attributes
                0x00000500       0x2d c:/program files (x86)/gnu tools arm embedded/7 2017-q4-major/bin/../lib/gcc/arm-none-eabi/7.2.1/../../../../arm-none-eabi/lib/thumb/v7-m\libg.a(lib_a-fini.o)
 .ARM.attributes
                0x0000052d       0x2d c:/program files (x86)/gnu tools arm embedded/7 2017-q4-major/bin/../lib/gcc/arm-none-eabi/7.2.1/../../../../arm-none-eabi/lib/thumb/v7-m\libg.a(lib_a-lock.o)
 .ARM.attributes
                0x0000055a       0x2d c:/program files (x86)/gnu tools arm embedded/7 2017-q4-major/bin/../lib/gcc/arm-none-eabi/7.2.1/../../../../arm-none-eabi/lib/thumb/v7-m\libg.a(lib_a-__atexit.o)
 .ARM.attributes
                0x00000587       0x1d c:/program files (x86)/gnu tools arm embedded/7 2017-q4-major/bin/../lib/gcc/arm-none-eabi/7.2.1/thumb/v7-m/crtn.o

.comment        0x00000000       0x7e
 .comment       0x00000000       0x7e ..\obj\irmp.o
                                 0x7f (size before relaxing)
 .comment       0x0000007e       0x7f ..\obj\usb_core.o
 .comment       0x0000007e       0x7f ..\obj\start.o
 .comment       0x0000007e       0x7f ..\obj\stm32_ub_irmp.o
 .comment       0x0000007e       0x7f ..\obj\startup_stm32f4xx.o
 .comment       0x0000007e       0x7f ..\obj\stm32_ub_led.o
 .comment       0x0000007e       0x7f ..\obj\usbd_core.o
 .comment       0x0000007e       0x7f ..\obj\main.o
 .comment       0x0000007e       0x7f ..\obj\stm32f4xx_rcc.o
 .comment       0x0000007e       0x7f ..\obj\stm32f4xx_gpio.o
 .comment       0x0000007e       0x7f ..\obj\usbd_cdc_vcp.o
 .comment       0x0000007e       0x7f ..\obj\system_stm32f4xx.o
 .comment       0x0000007e       0x7f ..\obj\usb_bsp.o
 .comment       0x0000007e       0x7f ..\obj\usbd_req.o
 .comment       0x0000007e       0x7f ..\obj\usb_dcd_int.o
 .comment       0x0000007e       0x7f ..\obj\usbd_cdc_core.o
 .comment       0x0000007e       0x7f ..\obj\stm32f4xx_exti.o
 .comment       0x0000007e       0x7f ..\obj\misc.o
 .comment       0x0000007e       0x7f ..\obj\usb_dcd.o
 .comment       0x0000007e       0x7f ..\obj\usbd_ioreq.o
 .comment       0x0000007e       0x7f ..\obj\stm32f4xx_tim.o

.debug_info     0x00000000    0x13663
 .debug_info    0x00000000      0xf71 ..\obj\irmp.o
 .debug_info    0x00000f71     0x253e ..\obj\usb_core.o
 .debug_info    0x000034af     0x1b62 ..\obj\start.o
 .debug_info    0x00005011      0xec0 ..\obj\stm32_ub_irmp.o
 .debug_info    0x00005ed1      0x113 ..\obj\startup_stm32f4xx.o
 .debug_info    0x00005fe4      0x441 ..\obj\stm32_ub_led.o
 .debug_info    0x00006425      0xeba ..\obj\usbd_core.o
 .debug_info    0x000072df     0x1546 ..\obj\main.o
 .debug_info    0x00008825      0xc6e ..\obj\stm32f4xx_rcc.o
 .debug_info    0x00009493      0x624 ..\obj\stm32f4xx_gpio.o
 .debug_info    0x00009ab7      0x627 ..\obj\usbd_cdc_vcp.o
 .debug_info    0x0000a0de      0x5ca ..\obj\system_stm32f4xx.o
 .debug_info    0x0000a6a8     0x1034 ..\obj\usb_bsp.o
 .debug_info    0x0000b6dc     0x1032 ..\obj\usbd_req.o
 .debug_info    0x0000c70e     0x1dab ..\obj\usb_dcd_int.o
 .debug_info    0x0000e4b9      0xf89 ..\obj\usbd_cdc_core.o
 .debug_info    0x0000f442      0x363 ..\obj\stm32f4xx_exti.o
 .debug_info    0x0000f7a5      0x547 ..\obj\misc.o
 .debug_info    0x0000fcec     0x1038 ..\obj\usb_dcd.o
 .debug_info    0x00010d24      0xcd0 ..\obj\usbd_ioreq.o
 .debug_info    0x000119f4     0x1c6f ..\obj\stm32f4xx_tim.o

.debug_abbrev   0x00000000     0x2a6d
 .debug_abbrev  0x00000000      0x279 ..\obj\irmp.o
 .debug_abbrev  0x00000279      0x300 ..\obj\usb_core.o
 .debug_abbrev  0x00000579      0x27b ..\obj\start.o
 .debug_abbrev  0x000007f4      0x247 ..\obj\stm32_ub_irmp.o
 .debug_abbrev  0x00000a3b       0xc1 ..\obj\startup_stm32f4xx.o
 .debug_abbrev  0x00000afc      0x17c ..\obj\stm32_ub_led.o
 .debug_abbrev  0x00000c78      0x23f ..\obj\usbd_core.o
 .debug_abbrev  0x00000eb7      0x208 ..\obj\main.o
 .debug_abbrev  0x000010bf      0x1fa ..\obj\stm32f4xx_rcc.o
 .debug_abbrev  0x000012b9      0x1bc ..\obj\stm32f4xx_gpio.o
 .debug_abbrev  0x00001475      0x1a5 ..\obj\usbd_cdc_vcp.o
 .debug_abbrev  0x0000161a      0x15a ..\obj\system_stm32f4xx.o
 .debug_abbrev  0x00001774      0x26b ..\obj\usb_bsp.o
 .debug_abbrev  0x000019df      0x2d1 ..\obj\usbd_req.o
 .debug_abbrev  0x00001cb0      0x25f ..\obj\usb_dcd_int.o
 .debug_abbrev  0x00001f0f      0x240 ..\obj\usbd_cdc_core.o
 .debug_abbrev  0x0000214f      0x1c0 ..\obj\stm32f4xx_exti.o
 .debug_abbrev  0x0000230f      0x174 ..\obj\misc.o
 .debug_abbrev  0x00002483      0x26e ..\obj\usb_dcd.o
 .debug_abbrev  0x000026f1      0x1e0 ..\obj\usbd_ioreq.o
 .debug_abbrev  0x000028d1      0x19c ..\obj\stm32f4xx_tim.o

.debug_aranges  0x00000000      0xbb0
 .debug_aranges
                0x00000000       0x38 ..\obj\irmp.o
 .debug_aranges
                0x00000038      0x138 ..\obj\usb_core.o
 .debug_aranges
                0x00000170       0x48 ..\obj\start.o
 .debug_aranges
                0x000001b8       0x40 ..\obj\stm32_ub_irmp.o
 .debug_aranges
                0x000001f8       0x28 ..\obj\startup_stm32f4xx.o
 .debug_aranges
                0x00000220       0x40 ..\obj\stm32_ub_led.o
 .debug_aranges
                0x00000260       0x80 ..\obj\usbd_core.o
 .debug_aranges
                0x000002e0       0x20 ..\obj\main.o
 .debug_aranges
                0x00000300      0x178 ..\obj\stm32f4xx_rcc.o
 .debug_aranges
                0x00000478       0x88 ..\obj\stm32f4xx_gpio.o
 .debug_aranges
                0x00000500       0x70 ..\obj\usbd_cdc_vcp.o
 .debug_aranges
                0x00000570       0x30 ..\obj\system_stm32f4xx.o
 .debug_aranges
                0x000005a0       0x48 ..\obj\usb_bsp.o
 .debug_aranges
                0x000005e8       0x88 ..\obj\usbd_req.o
 .debug_aranges
                0x00000670       0x80 ..\obj\usb_dcd_int.o
 .debug_aranges
                0x000006f0       0x60 ..\obj\usbd_cdc_core.o
 .debug_aranges
                0x00000750       0x58 ..\obj\stm32f4xx_exti.o
 .debug_aranges
                0x000007a8       0x40 ..\obj\misc.o
 .debug_aranges
                0x000007e8       0x80 ..\obj\usb_dcd.o
 .debug_aranges
                0x00000868       0x50 ..\obj\usbd_ioreq.o
 .debug_aranges
                0x000008b8      0x2f8 ..\obj\stm32f4xx_tim.o

.debug_ranges   0x00000000      0xa60
 .debug_ranges  0x00000000       0x28 ..\obj\irmp.o
 .debug_ranges  0x00000028      0x128 ..\obj\usb_core.o
 .debug_ranges  0x00000150       0x38 ..\obj\start.o
 .debug_ranges  0x00000188       0x30 ..\obj\stm32_ub_irmp.o
 .debug_ranges  0x000001b8       0x18 ..\obj\startup_stm32f4xx.o
 .debug_ranges  0x000001d0       0x30 ..\obj\stm32_ub_led.o
 .debug_ranges  0x00000200       0x70 ..\obj\usbd_core.o
 .debug_ranges  0x00000270       0x10 ..\obj\main.o
 .debug_ranges  0x00000280      0x168 ..\obj\stm32f4xx_rcc.o
 .debug_ranges  0x000003e8       0x78 ..\obj\stm32f4xx_gpio.o
 .debug_ranges  0x00000460       0x60 ..\obj\usbd_cdc_vcp.o
 .debug_ranges  0x000004c0       0x20 ..\obj\system_stm32f4xx.o
 .debug_ranges  0x000004e0       0x38 ..\obj\usb_bsp.o
 .debug_ranges  0x00000518       0x78 ..\obj\usbd_req.o
 .debug_ranges  0x00000590       0x70 ..\obj\usb_dcd_int.o
 .debug_ranges  0x00000600       0x50 ..\obj\usbd_cdc_core.o
 .debug_ranges  0x00000650       0x48 ..\obj\stm32f4xx_exti.o
 .debug_ranges  0x00000698       0x30 ..\obj\misc.o
 .debug_ranges  0x000006c8       0x70 ..\obj\usb_dcd.o
 .debug_ranges  0x00000738       0x40 ..\obj\usbd_ioreq.o
 .debug_ranges  0x00000778      0x2e8 ..\obj\stm32f4xx_tim.o

.debug_line     0x00000000     0x63b4
 .debug_line    0x00000000      0x67f ..\obj\irmp.o
 .debug_line    0x0000067f      0x7c4 ..\obj\usb_core.o
 .debug_line    0x00000e43      0x5d3 ..\obj\start.o
 .debug_line    0x00001416      0x3d7 ..\obj\stm32_ub_irmp.o
 .debug_line    0x000017ed       0xcb ..\obj\startup_stm32f4xx.o
 .debug_line    0x000018b8      0x352 ..\obj\stm32_ub_led.o
 .debug_line    0x00001c0a      0x443 ..\obj\usbd_core.o
 .debug_line    0x0000204d      0x51f ..\obj\main.o
 .debug_line    0x0000256c      0x68d ..\obj\stm32f4xx_rcc.o
 .debug_line    0x00002bf9      0x448 ..\obj\stm32f4xx_gpio.o
 .debug_line    0x00003041      0x4d0 ..\obj\usbd_cdc_vcp.o
 .debug_line    0x00003511      0x276 ..\obj\system_stm32f4xx.o
 .debug_line    0x00003787      0x3ca ..\obj\usb_bsp.o
 .debug_line    0x00003b51      0x589 ..\obj\usbd_req.o
 .debug_line    0x000040da      0x483 ..\obj\usb_dcd_int.o
 .debug_line    0x0000455d      0x498 ..\obj\usbd_cdc_core.o
 .debug_line    0x000049f5      0x389 ..\obj\stm32f4xx_exti.o
 .debug_line    0x00004d7e      0x328 ..\obj\misc.o
 .debug_line    0x000050a6      0x40e ..\obj\usb_dcd.o
 .debug_line    0x000054b4      0x357 ..\obj\usbd_ioreq.o
 .debug_line    0x0000580b      0xba9 ..\obj\stm32f4xx_tim.o

.debug_str      0x00000000     0x4da4
 .debug_str     0x00000000      0xa5c ..\obj\irmp.o
                                0xb2a (size before relaxing)
 .debug_str     0x00000a5c     0x12a1 ..\obj\usb_core.o
                               0x1724 (size before relaxing)
 .debug_str     0x00001cfd      0x896 ..\obj\start.o
                               0x1686 (size before relaxing)
 .debug_str     0x00002593       0xe5 ..\obj\stm32_ub_irmp.o
                                0xdb3 (size before relaxing)
 .debug_str     0x00002678       0xec ..\obj\startup_stm32f4xx.o
                                0x1ef (size before relaxing)
 .debug_str     0x00002764      0x138 ..\obj\stm32_ub_led.o
                                0x49e (size before relaxing)
 .debug_str     0x0000289c      0x163 ..\obj\usbd_core.o
                                0xb6a (size before relaxing)
 .debug_str     0x000029ff       0x5e ..\obj\main.o
                                0xf0a (size before relaxing)
 .debug_str     0x00002a5d      0x679 ..\obj\stm32f4xx_rcc.o
                                0x8e9 (size before relaxing)
 .debug_str     0x000030d6      0x1cd ..\obj\stm32f4xx_gpio.o
                                0x53c (size before relaxing)
 .debug_str     0x000032a3      0x262 ..\obj\usbd_cdc_vcp.o
                                0x52e (size before relaxing)
 .debug_str     0x00003505      0x132 ..\obj\system_stm32f4xx.o
                                0x433 (size before relaxing)
 .debug_str     0x00003637       0xf5 ..\obj\usb_bsp.o
                               0x116b (size before relaxing)
 .debug_str     0x0000372c      0x19e ..\obj\usbd_req.o
                                0xbee (size before relaxing)
 .debug_str     0x000038ca      0x2b3 ..\obj\usb_dcd_int.o
                               0x1322 (size before relaxing)
 .debug_str     0x00003b7d      0x1bb ..\obj\usbd_cdc_core.o
                                0xc08 (size before relaxing)
 .debug_str     0x00003d38      0x204 ..\obj\stm32f4xx_exti.o
                                0x3f2 (size before relaxing)
 .debug_str     0x00003f3c      0x18b ..\obj\misc.o
                                0x467 (size before relaxing)
 .debug_str     0x000040c7      0x139 ..\obj\usb_dcd.o
                                0xbc4 (size before relaxing)
 .debug_str     0x00004200       0xf4 ..\obj\usbd_ioreq.o
                                0xa54 (size before relaxing)
 .debug_str     0x000042f4      0xab0 ..\obj\stm32f4xx_tim.o
                                0xe69 (size before relaxing)

.debug_frame    0x00000000     0x315c
 .debug_frame   0x00000000       0xb0 ..\obj\irmp.o
 .debug_frame   0x000000b0      0x584 ..\obj\usb_core.o
 .debug_frame   0x00000634       0xd0 ..\obj\start.o
 .debug_frame   0x00000704       0xb4 ..\obj\stm32_ub_irmp.o
 .debug_frame   0x000007b8       0x4c ..\obj\startup_stm32f4xx.o
 .debug_frame   0x00000804       0xd0 ..\obj\stm32_ub_led.o
 .debug_frame   0x000008d4      0x1e8 ..\obj\usbd_core.o
 .debug_frame   0x00000abc       0x2c ..\obj\main.o
 .debug_frame   0x00000ae8      0x6d4 ..\obj\stm32f4xx_rcc.o
 .debug_frame   0x000011bc      0x23c ..\obj\stm32f4xx_gpio.o
 .debug_frame   0x000013f8      0x1a4 ..\obj\usbd_cdc_vcp.o
 .debug_frame   0x0000159c       0x7c ..\obj\system_stm32f4xx.o
 .debug_frame   0x00001618       0xf4 ..\obj\usb_bsp.o
 .debug_frame   0x0000170c      0x210 ..\obj\usbd_req.o
 .debug_frame   0x0000191c      0x1e8 ..\obj\usb_dcd_int.o
 .debug_frame   0x00001b04      0x158 ..\obj\usbd_cdc_core.o
 .debug_frame   0x00001c5c      0x148 ..\obj\stm32f4xx_exti.o
 .debug_frame   0x00001da4       0xd8 ..\obj\misc.o
 .debug_frame   0x00001e7c      0x1e8 ..\obj\usb_dcd.o
 .debug_frame   0x00002064      0x110 ..\obj\usbd_ioreq.o
 .debug_frame   0x00002174      0xe54 ..\obj\stm32f4xx_tim.o
 .debug_frame   0x00002fc8       0x5c c:/program files (x86)/gnu tools arm embedded/7 2017-q4-major/bin/../lib/gcc/arm-none-eabi/7.2.1/../../../../arm-none-eabi/lib/thumb/v7-m\libg.a(lib_a-__call_atexit.o)
 .debug_frame   0x00003024       0x20 c:/program files (x86)/gnu tools arm embedded/7 2017-q4-major/bin/../lib/gcc/arm-none-eabi/7.2.1/../../../../arm-none-eabi/lib/thumb/v7-m\libg.a(lib_a-atexit.o)
 .debug_frame   0x00003044       0x34 c:/program files (x86)/gnu tools arm embedded/7 2017-q4-major/bin/../lib/gcc/arm-none-eabi/7.2.1/../../../../arm-none-eabi/lib/thumb/v7-m\libg.a(lib_a-fini.o)
 .debug_frame   0x00003078       0xb0 c:/program files (x86)/gnu tools arm embedded/7 2017-q4-major/bin/../lib/gcc/arm-none-eabi/7.2.1/../../../../arm-none-eabi/lib/thumb/v7-m\libg.a(lib_a-lock.o)
 .debug_frame   0x00003128       0x34 c:/program files (x86)/gnu tools arm embedded/7 2017-q4-major/bin/../lib/gcc/arm-none-eabi/7.2.1/../../../../arm-none-eabi/lib/thumb/v7-m\libg.a(lib_a-__atexit.o)
